###############################################################################
#
# IAR ELF Linker V7.30.4.8167/W32 for ARM                 07/Sep/2016  15:34:25
# Copyright 2007-2014 IAR Systems AB.
#
#    Output file  =  
#        E:\airkiss-RTL8711\project\realtek_ameba1_va0_example\EWARM-RELEASE\Debug\Exe\application.axf
#    Map file     =  
#        E:\airkiss-RTL8711\project\realtek_ameba1_va0_example\EWARM-RELEASE\Debug\List\application.map
#    Command line =  
#        E:\airkiss-RTL8711\project\realtek_ameba1_va0_example\EWARM-RELEASE\Debug\Obj\aes.o
#        E:\airkiss-RTL8711\project\realtek_ameba1_va0_example\EWARM-RELEASE\Debug\Obj\aesni.o
#        E:\airkiss-RTL8711\project\realtek_ameba1_va0_example\EWARM-RELEASE\Debug\Obj\analogin_api.o
#        E:\airkiss-RTL8711\project\realtek_ameba1_va0_example\EWARM-RELEASE\Debug\Obj\api_lib.o
#        E:\airkiss-RTL8711\project\realtek_ameba1_va0_example\EWARM-RELEASE\Debug\Obj\api_msg.o
#        E:\airkiss-RTL8711\project\realtek_ameba1_va0_example\EWARM-RELEASE\Debug\Obj\arc4.o
#        E:\airkiss-RTL8711\project\realtek_ameba1_va0_example\EWARM-RELEASE\Debug\Obj\asn1parse.o
#        E:\airkiss-RTL8711\project\realtek_ameba1_va0_example\EWARM-RELEASE\Debug\Obj\asn1write.o
#        E:\airkiss-RTL8711\project\realtek_ameba1_va0_example\EWARM-RELEASE\Debug\Obj\atcmd_google.o
#        E:\airkiss-RTL8711\project\realtek_ameba1_va0_example\EWARM-RELEASE\Debug\Obj\atcmd_sys.o
#        E:\airkiss-RTL8711\project\realtek_ameba1_va0_example\EWARM-RELEASE\Debug\Obj\atcmd_wifi.o
#        E:\airkiss-RTL8711\project\realtek_ameba1_va0_example\EWARM-RELEASE\Debug\Obj\autoip.o
#        E:\airkiss-RTL8711\project\realtek_ameba1_va0_example\EWARM-RELEASE\Debug\Obj\base64.o
#        E:\airkiss-RTL8711\project\realtek_ameba1_va0_example\EWARM-RELEASE\Debug\Obj\bignum.o
#        E:\airkiss-RTL8711\project\realtek_ameba1_va0_example\EWARM-RELEASE\Debug\Obj\BL5372.o
#        E:\airkiss-RTL8711\project\realtek_ameba1_va0_example\EWARM-RELEASE\Debug\Obj\BL5372_IIC.o
#        E:\airkiss-RTL8711\project\realtek_ameba1_va0_example\EWARM-RELEASE\Debug\Obj\blowfish.o
#        E:\airkiss-RTL8711\project\realtek_ameba1_va0_example\EWARM-RELEASE\Debug\Obj\camellia.o
#        E:\airkiss-RTL8711\project\realtek_ameba1_va0_example\EWARM-RELEASE\Debug\Obj\ccm.o
#        E:\airkiss-RTL8711\project\realtek_ameba1_va0_example\EWARM-RELEASE\Debug\Obj\certs.o
#        E:\airkiss-RTL8711\project\realtek_ameba1_va0_example\EWARM-RELEASE\Debug\Obj\cipher.o
#        E:\airkiss-RTL8711\project\realtek_ameba1_va0_example\EWARM-RELEASE\Debug\Obj\cipher_wrap.o
#        E:\airkiss-RTL8711\project\realtek_ameba1_va0_example\EWARM-RELEASE\Debug\Obj\cJSON.o
#        E:\airkiss-RTL8711\project\realtek_ameba1_va0_example\EWARM-RELEASE\Debug\Obj\cloud_link.o
#        E:\airkiss-RTL8711\project\realtek_ameba1_va0_example\EWARM-RELEASE\Debug\Obj\cmsis_os.o
#        E:\airkiss-RTL8711\project\realtek_ameba1_va0_example\EWARM-RELEASE\Debug\Obj\croutine.o
#        E:\airkiss-RTL8711\project\realtek_ameba1_va0_example\EWARM-RELEASE\Debug\Obj\ctr_drbg.o
#        E:\airkiss-RTL8711\project\realtek_ameba1_va0_example\EWARM-RELEASE\Debug\Obj\debug.o
#        E:\airkiss-RTL8711\project\realtek_ameba1_va0_example\EWARM-RELEASE\Debug\Obj\def.o
#        E:\airkiss-RTL8711\project\realtek_ameba1_va0_example\EWARM-RELEASE\Debug\Obj\des.o
#        E:\airkiss-RTL8711\project\realtek_ameba1_va0_example\EWARM-RELEASE\Debug\Obj\dhcp.o
#        E:\airkiss-RTL8711\project\realtek_ameba1_va0_example\EWARM-RELEASE\Debug\Obj\dhcps.o
#        E:\airkiss-RTL8711\project\realtek_ameba1_va0_example\EWARM-RELEASE\Debug\Obj\dhm.o
#        E:\airkiss-RTL8711\project\realtek_ameba1_va0_example\EWARM-RELEASE\Debug\Obj\dma_api.o
#        E:\airkiss-RTL8711\project\realtek_ameba1_va0_example\EWARM-RELEASE\Debug\Obj\dns.o
#        E:\airkiss-RTL8711\project\realtek_ameba1_va0_example\EWARM-RELEASE\Debug\Obj\ecdh.o
#        E:\airkiss-RTL8711\project\realtek_ameba1_va0_example\EWARM-RELEASE\Debug\Obj\ecdsa.o
#        E:\airkiss-RTL8711\project\realtek_ameba1_va0_example\EWARM-RELEASE\Debug\Obj\ecp.o
#        E:\airkiss-RTL8711\project\realtek_ameba1_va0_example\EWARM-RELEASE\Debug\Obj\ecp_curves.o
#        E:\airkiss-RTL8711\project\realtek_ameba1_va0_example\EWARM-RELEASE\Debug\Obj\EEPROM.o
#        E:\airkiss-RTL8711\project\realtek_ameba1_va0_example\EWARM-RELEASE\Debug\Obj\EEPROM_I2C.o
#        E:\airkiss-RTL8711\project\realtek_ameba1_va0_example\EWARM-RELEASE\Debug\Obj\efuse1_api.o
#        E:\airkiss-RTL8711\project\realtek_ameba1_va0_example\EWARM-RELEASE\Debug\Obj\efuse2_api.o
#        E:\airkiss-RTL8711\project\realtek_ameba1_va0_example\EWARM-RELEASE\Debug\Obj\efuse3_api.o
#        E:\airkiss-RTL8711\project\realtek_ameba1_va0_example\EWARM-RELEASE\Debug\Obj\entropy.o
#        E:\airkiss-RTL8711\project\realtek_ameba1_va0_example\EWARM-RELEASE\Debug\Obj\entropy_poll.o
#        E:\airkiss-RTL8711\project\realtek_ameba1_va0_example\EWARM-RELEASE\Debug\Obj\err.o
#        E:\airkiss-RTL8711\project\realtek_ameba1_va0_example\EWARM-RELEASE\Debug\Obj\error.o
#        E:\airkiss-RTL8711\project\realtek_ameba1_va0_example\EWARM-RELEASE\Debug\Obj\etharp.o
#        E:\airkiss-RTL8711\project\realtek_ameba1_va0_example\EWARM-RELEASE\Debug\Obj\ethernetif.o
#        E:\airkiss-RTL8711\project\realtek_ameba1_va0_example\EWARM-RELEASE\Debug\Obj\event_groups.o
#        E:\airkiss-RTL8711\project\realtek_ameba1_va0_example\EWARM-RELEASE\Debug\Obj\example_entry.o
#        E:\airkiss-RTL8711\project\realtek_ameba1_va0_example\EWARM-RELEASE\Debug\Obj\example_google.o
#        E:\airkiss-RTL8711\project\realtek_ameba1_va0_example\EWARM-RELEASE\Debug\Obj\example_mcast.o
#        E:\airkiss-RTL8711\project\realtek_ameba1_va0_example\EWARM-RELEASE\Debug\Obj\example_mdns.o
#        E:\airkiss-RTL8711\project\realtek_ameba1_va0_example\EWARM-RELEASE\Debug\Obj\example_socket_select.o
#        E:\airkiss-RTL8711\project\realtek_ameba1_va0_example\EWARM-RELEASE\Debug\Obj\example_ssl_download.o
#        E:\airkiss-RTL8711\project\realtek_ameba1_va0_example\EWARM-RELEASE\Debug\Obj\example_wlan_fast_connect.o
#        E:\airkiss-RTL8711\project\realtek_ameba1_va0_example\EWARM-RELEASE\Debug\Obj\example_xml.o
#        E:\airkiss-RTL8711\project\realtek_ameba1_va0_example\EWARM-RELEASE\Debug\Obj\Fault.o
#        E:\airkiss-RTL8711\project\realtek_ameba1_va0_example\EWARM-RELEASE\Debug\Obj\Fifo.o
#        E:\airkiss-RTL8711\project\realtek_ameba1_va0_example\EWARM-RELEASE\Debug\Obj\flash_api.o
#        E:\airkiss-RTL8711\project\realtek_ameba1_va0_example\EWARM-RELEASE\Debug\Obj\freertos_pmu.o
#        E:\airkiss-RTL8711\project\realtek_ameba1_va0_example\EWARM-RELEASE\Debug\Obj\freertos_service.o
#        E:\airkiss-RTL8711\project\realtek_ameba1_va0_example\EWARM-RELEASE\Debug\Obj\gcm.o
#        E:\airkiss-RTL8711\project\realtek_ameba1_va0_example\EWARM-RELEASE\Debug\Obj\gpio_api.o
#        E:\airkiss-RTL8711\project\realtek_ameba1_va0_example\EWARM-RELEASE\Debug\Obj\gpio_irq_api.o
#        E:\airkiss-RTL8711\project\realtek_ameba1_va0_example\EWARM-RELEASE\Debug\Obj\hal_32k.o
#        E:\airkiss-RTL8711\project\realtek_ameba1_va0_example\EWARM-RELEASE\Debug\Obj\hal_adc.o
#        E:\airkiss-RTL8711\project\realtek_ameba1_va0_example\EWARM-RELEASE\Debug\Obj\hal_gdma.o
#        E:\airkiss-RTL8711\project\realtek_ameba1_va0_example\EWARM-RELEASE\Debug\Obj\hal_gpio.o
#        E:\airkiss-RTL8711\project\realtek_ameba1_va0_example\EWARM-RELEASE\Debug\Obj\hal_i2c.o
#        E:\airkiss-RTL8711\project\realtek_ameba1_va0_example\EWARM-RELEASE\Debug\Obj\hal_i2s.o
#        E:\airkiss-RTL8711\project\realtek_ameba1_va0_example\EWARM-RELEASE\Debug\Obj\hal_mii.o
#        E:\airkiss-RTL8711\project\realtek_ameba1_va0_example\EWARM-RELEASE\Debug\Obj\hal_nfc.o
#        E:\airkiss-RTL8711\project\realtek_ameba1_va0_example\EWARM-RELEASE\Debug\Obj\hal_pcm.o
#        E:\airkiss-RTL8711\project\realtek_ameba1_va0_example\EWARM-RELEASE\Debug\Obj\hal_pwm.o
#        E:\airkiss-RTL8711\project\realtek_ameba1_va0_example\EWARM-RELEASE\Debug\Obj\hal_sdr_controller.o
#        E:\airkiss-RTL8711\project\realtek_ameba1_va0_example\EWARM-RELEASE\Debug\Obj\hal_soc_ps_monitor.o
#        E:\airkiss-RTL8711\project\realtek_ameba1_va0_example\EWARM-RELEASE\Debug\Obj\hal_ssi.o
#        E:\airkiss-RTL8711\project\realtek_ameba1_va0_example\EWARM-RELEASE\Debug\Obj\hal_timer.o
#        E:\airkiss-RTL8711\project\realtek_ameba1_va0_example\EWARM-RELEASE\Debug\Obj\hal_uart.o
#        E:\airkiss-RTL8711\project\realtek_ameba1_va0_example\EWARM-RELEASE\Debug\Obj\havege.o
#        E:\airkiss-RTL8711\project\realtek_ameba1_va0_example\EWARM-RELEASE\Debug\Obj\heap_5.o
#        E:\airkiss-RTL8711\project\realtek_ameba1_va0_example\EWARM-RELEASE\Debug\Obj\hmac_drbg.o
#        E:\airkiss-RTL8711\project\realtek_ameba1_va0_example\EWARM-RELEASE\Debug\Obj\i2c_api.o
#        E:\airkiss-RTL8711\project\realtek_ameba1_va0_example\EWARM-RELEASE\Debug\Obj\i2s_api.o
#        E:\airkiss-RTL8711\project\realtek_ameba1_va0_example\EWARM-RELEASE\Debug\Obj\icmp.o
#        E:\airkiss-RTL8711\project\realtek_ameba1_va0_example\EWARM-RELEASE\Debug\Obj\igmp.o
#        E:\airkiss-RTL8711\project\realtek_ameba1_va0_example\EWARM-RELEASE\Debug\Obj\inet.o
#        E:\airkiss-RTL8711\project\realtek_ameba1_va0_example\EWARM-RELEASE\Debug\Obj\inet_chksum.o
#        E:\airkiss-RTL8711\project\realtek_ameba1_va0_example\EWARM-RELEASE\Debug\Obj\init.o
#        E:\airkiss-RTL8711\project\realtek_ameba1_va0_example\EWARM-RELEASE\Debug\Obj\ip.o
#        E:\airkiss-RTL8711\project\realtek_ameba1_va0_example\EWARM-RELEASE\Debug\Obj\ip_addr.o
#        E:\airkiss-RTL8711\project\realtek_ameba1_va0_example\EWARM-RELEASE\Debug\Obj\ip_frag.o
#        E:\airkiss-RTL8711\project\realtek_ameba1_va0_example\EWARM-RELEASE\Debug\Obj\Kalman_Filter.o
#        E:\airkiss-RTL8711\component\soc\realtek\8195a\misc\bsp\lib\common\IAR\lib_mdns.a
#        E:\airkiss-RTL8711\component\soc\realtek\8195a\misc\bsp\lib\common\IAR\lib_platform.a
#        E:\airkiss-RTL8711\component\soc\realtek\8195a\misc\bsp\lib\common\IAR\lib_rtlstd.a
#        E:\airkiss-RTL8711\component\soc\realtek\8195a\misc\bsp\lib\common\IAR\lib_wlan.a
#        E:\airkiss-RTL8711\component\soc\realtek\8195a\misc\bsp\lib\common\IAR\lib_wps.a
#        E:\airkiss-RTL8711\component\MyDriver\airkiss_2.0.0.25360\libairkiss.a
#        E:\airkiss-RTL8711\component\MyDriver\airkiss_2.0.0.25360\libairkiss_log.a
#        E:\airkiss-RTL8711\project\realtek_ameba1_va0_example\EWARM-RELEASE\Debug\Obj\list.o
#        E:\airkiss-RTL8711\project\realtek_ameba1_va0_example\EWARM-RELEASE\Debug\Obj\log_service.o
#        E:\airkiss-RTL8711\project\realtek_ameba1_va0_example\EWARM-RELEASE\Debug\Obj\low_level_io.o
#        E:\airkiss-RTL8711\project\realtek_ameba1_va0_example\EWARM-RELEASE\Debug\Obj\lwip_intf.o
#        E:\airkiss-RTL8711\project\realtek_ameba1_va0_example\EWARM-RELEASE\Debug\Obj\lwip_netconf.o
#        E:\airkiss-RTL8711\project\realtek_ameba1_va0_example\EWARM-RELEASE\Debug\Obj\lwip_timers.o
#        E:\airkiss-RTL8711\project\realtek_ameba1_va0_example\EWARM-RELEASE\Debug\Obj\mailbox.o
#        E:\airkiss-RTL8711\project\realtek_ameba1_va0_example\EWARM-RELEASE\Debug\Obj\main.o
#        E:\airkiss-RTL8711\project\realtek_ameba1_va0_example\EWARM-RELEASE\Debug\Obj\md.o
#        E:\airkiss-RTL8711\project\realtek_ameba1_va0_example\EWARM-RELEASE\Debug\Obj\md2.o
#        E:\airkiss-RTL8711\project\realtek_ameba1_va0_example\EWARM-RELEASE\Debug\Obj\md4.o
#        E:\airkiss-RTL8711\project\realtek_ameba1_va0_example\EWARM-RELEASE\Debug\Obj\md5.o
#        E:\airkiss-RTL8711\project\realtek_ameba1_va0_example\EWARM-RELEASE\Debug\Obj\md_wrap.o
#        E:\airkiss-RTL8711\project\realtek_ameba1_va0_example\EWARM-RELEASE\Debug\Obj\mDNSPlatform.o
#        E:\airkiss-RTL8711\project\realtek_ameba1_va0_example\EWARM-RELEASE\Debug\Obj\mem.o
#        E:\airkiss-RTL8711\project\realtek_ameba1_va0_example\EWARM-RELEASE\Debug\Obj\memory_buffer_alloc.o
#        E:\airkiss-RTL8711\project\realtek_ameba1_va0_example\EWARM-RELEASE\Debug\Obj\memp.o
#        E:\airkiss-RTL8711\project\realtek_ameba1_va0_example\EWARM-RELEASE\Debug\Obj\net.o
#        E:\airkiss-RTL8711\project\realtek_ameba1_va0_example\EWARM-RELEASE\Debug\Obj\netbuf.o
#        E:\airkiss-RTL8711\project\realtek_ameba1_va0_example\EWARM-RELEASE\Debug\Obj\netdb.o
#        E:\airkiss-RTL8711\project\realtek_ameba1_va0_example\EWARM-RELEASE\Debug\Obj\netif.o
#        E:\airkiss-RTL8711\project\realtek_ameba1_va0_example\EWARM-RELEASE\Debug\Obj\netifapi.o
#        E:\airkiss-RTL8711\project\realtek_ameba1_va0_example\EWARM-RELEASE\Debug\Obj\nfc_api.o
#        E:\airkiss-RTL8711\project\realtek_ameba1_va0_example\EWARM-RELEASE\Debug\Obj\oid.o
#        E:\airkiss-RTL8711\project\realtek_ameba1_va0_example\EWARM-RELEASE\Debug\Obj\osdep_api.o
#        E:\airkiss-RTL8711\project\realtek_ameba1_va0_example\EWARM-RELEASE\Debug\Obj\osdep_service.o
#        E:\airkiss-RTL8711\project\realtek_ameba1_va0_example\EWARM-RELEASE\Debug\Obj\padlock.o
#        E:\airkiss-RTL8711\project\realtek_ameba1_va0_example\EWARM-RELEASE\Debug\Obj\pbkdf2.o
#        E:\airkiss-RTL8711\project\realtek_ameba1_va0_example\EWARM-RELEASE\Debug\Obj\pbuf.o
#        E:\airkiss-RTL8711\project\realtek_ameba1_va0_example\EWARM-RELEASE\Debug\Obj\pem.o
#        E:\airkiss-RTL8711\project\realtek_ameba1_va0_example\EWARM-RELEASE\Debug\Obj\ping_test.o
#        E:\airkiss-RTL8711\project\realtek_ameba1_va0_example\EWARM-RELEASE\Debug\Obj\pinmap.o
#        E:\airkiss-RTL8711\project\realtek_ameba1_va0_example\EWARM-RELEASE\Debug\Obj\pinmap_common.o
#        E:\airkiss-RTL8711\project\realtek_ameba1_va0_example\EWARM-RELEASE\Debug\Obj\pk.o
#        E:\airkiss-RTL8711\project\realtek_ameba1_va0_example\EWARM-RELEASE\Debug\Obj\pk_wrap.o
#        E:\airkiss-RTL8711\project\realtek_ameba1_va0_example\EWARM-RELEASE\Debug\Obj\pkcs11.o
#        E:\airkiss-RTL8711\project\realtek_ameba1_va0_example\EWARM-RELEASE\Debug\Obj\pkcs12.o
#        E:\airkiss-RTL8711\project\realtek_ameba1_va0_example\EWARM-RELEASE\Debug\Obj\pkcs5.o
#        E:\airkiss-RTL8711\project\realtek_ameba1_va0_example\EWARM-RELEASE\Debug\Obj\pkparse.o
#        E:\airkiss-RTL8711\project\realtek_ameba1_va0_example\EWARM-RELEASE\Debug\Obj\pkwrite.o
#        E:\airkiss-RTL8711\project\realtek_ameba1_va0_example\EWARM-RELEASE\Debug\Obj\platform.o
#        E:\airkiss-RTL8711\project\realtek_ameba1_va0_example\EWARM-RELEASE\Debug\Obj\port.o
#        E:\airkiss-RTL8711\project\realtek_ameba1_va0_example\EWARM-RELEASE\Debug\Obj\port_api.o
#        E:\airkiss-RTL8711\project\realtek_ameba1_va0_example\EWARM-RELEASE\Debug\Obj\portasm.o
#        E:\airkiss-RTL8711\project\realtek_ameba1_va0_example\EWARM-RELEASE\Debug\Obj\pwmout_api.o
#        E:\airkiss-RTL8711\project\realtek_ameba1_va0_example\EWARM-RELEASE\Debug\Obj\queue.o
#        E:\airkiss-RTL8711\project\realtek_ameba1_va0_example\EWARM-RELEASE\Debug\Obj\raw.o
#        E:\airkiss-RTL8711\project\realtek_ameba1_va0_example\EWARM-RELEASE\Debug\Obj\ripemd160.o
#        E:\airkiss-RTL8711\component\soc\realtek\8195a\misc\bsp\lib\va0\rom.a
#        E:\airkiss-RTL8711\project\realtek_ameba1_va0_example\EWARM-RELEASE\Debug\Obj\rom_ssl_ram_map.o
#        E:\airkiss-RTL8711\project\realtek_ameba1_va0_example\EWARM-RELEASE\Debug\Obj\rsa.o
#        E:\airkiss-RTL8711\project\realtek_ameba1_va0_example\EWARM-RELEASE\Debug\Obj\rtc_api.o
#        E:\airkiss-RTL8711\project\realtek_ameba1_va0_example\EWARM-RELEASE\Debug\Obj\rtl8195a_adc.o
#        E:\airkiss-RTL8711\project\realtek_ameba1_va0_example\EWARM-RELEASE\Debug\Obj\rtl8195a_gdma.o
#        E:\airkiss-RTL8711\project\realtek_ameba1_va0_example\EWARM-RELEASE\Debug\Obj\rtl8195a_gpio.o
#        E:\airkiss-RTL8711\project\realtek_ameba1_va0_example\EWARM-RELEASE\Debug\Obj\rtl8195a_i2c.o
#        E:\airkiss-RTL8711\project\realtek_ameba1_va0_example\EWARM-RELEASE\Debug\Obj\rtl8195a_i2s.o
#        E:\airkiss-RTL8711\project\realtek_ameba1_va0_example\EWARM-RELEASE\Debug\Obj\rtl8195a_it.o
#        E:\airkiss-RTL8711\project\realtek_ameba1_va0_example\EWARM-RELEASE\Debug\Obj\rtl8195a_nfc.o
#        E:\airkiss-RTL8711\project\realtek_ameba1_va0_example\EWARM-RELEASE\Debug\Obj\rtl8195a_pwm.o
#        E:\airkiss-RTL8711\project\realtek_ameba1_va0_example\EWARM-RELEASE\Debug\Obj\rtl8195a_ssi.o
#        E:\airkiss-RTL8711\project\realtek_ameba1_va0_example\EWARM-RELEASE\Debug\Obj\rtl8195a_timer.o
#        E:\airkiss-RTL8711\project\realtek_ameba1_va0_example\EWARM-RELEASE\Debug\Obj\rtl8195a_uart.o
#        E:\airkiss-RTL8711\project\realtek_ameba1_va0_example\EWARM-RELEASE\Debug\Obj\rtl_consol.o
#        E:\airkiss-RTL8711\project\realtek_ameba1_va0_example\EWARM-RELEASE\Debug\Obj\serial_api.o
#        E:\airkiss-RTL8711\project\realtek_ameba1_va0_example\EWARM-RELEASE\Debug\Obj\sha1.o
#        E:\airkiss-RTL8711\project\realtek_ameba1_va0_example\EWARM-RELEASE\Debug\Obj\sha256.o
#        E:\airkiss-RTL8711\project\realtek_ameba1_va0_example\EWARM-RELEASE\Debug\Obj\sha512.o
#        E:\airkiss-RTL8711\project\realtek_ameba1_va0_example\EWARM-RELEASE\Debug\Obj\SHT20.o
#        E:\airkiss-RTL8711\project\realtek_ameba1_va0_example\EWARM-RELEASE\Debug\Obj\SHT20_IIC.o
#        E:\airkiss-RTL8711\project\realtek_ameba1_va0_example\EWARM-RELEASE\Debug\Obj\shtc1.o
#        E:\airkiss-RTL8711\project\realtek_ameba1_va0_example\EWARM-RELEASE\Debug\Obj\sleep.o
#        E:\airkiss-RTL8711\project\realtek_ameba1_va0_example\EWARM-RELEASE\Debug\Obj\sockets.o
#        E:\airkiss-RTL8711\project\realtek_ameba1_va0_example\EWARM-RELEASE\Debug\Obj\spi_api.o
#        E:\airkiss-RTL8711\project\realtek_ameba1_va0_example\EWARM-RELEASE\Debug\Obj\ssl_cache.o
#        E:\airkiss-RTL8711\project\realtek_ameba1_va0_example\EWARM-RELEASE\Debug\Obj\ssl_ciphersuites.o
#        E:\airkiss-RTL8711\project\realtek_ameba1_va0_example\EWARM-RELEASE\Debug\Obj\ssl_cli.o
#        E:\airkiss-RTL8711\project\realtek_ameba1_va0_example\EWARM-RELEASE\Debug\Obj\ssl_client.o
#        E:\airkiss-RTL8711\project\realtek_ameba1_va0_example\EWARM-RELEASE\Debug\Obj\ssl_ram_map.o
#        E:\airkiss-RTL8711\project\realtek_ameba1_va0_example\EWARM-RELEASE\Debug\Obj\ssl_srv.o
#        E:\airkiss-RTL8711\project\realtek_ameba1_va0_example\EWARM-RELEASE\Debug\Obj\ssl_tls.o
#        E:\airkiss-RTL8711\project\realtek_ameba1_va0_example\EWARM-RELEASE\Debug\Obj\stats.o
#        E:\airkiss-RTL8711\project\realtek_ameba1_va0_example\EWARM-RELEASE\Debug\Obj\stdlib_patch.o
#        E:\airkiss-RTL8711\project\realtek_ameba1_va0_example\EWARM-RELEASE\Debug\Obj\sys.o
#        E:\airkiss-RTL8711\project\realtek_ameba1_va0_example\EWARM-RELEASE\Debug\Obj\sys_api.o
#        E:\airkiss-RTL8711\project\realtek_ameba1_va0_example\EWARM-RELEASE\Debug\Obj\sys_arch.o
#        E:\airkiss-RTL8711\project\realtek_ameba1_va0_example\EWARM-RELEASE\Debug\Obj\system_8195a.o
#        E:\airkiss-RTL8711\project\realtek_ameba1_va0_example\EWARM-RELEASE\Debug\Obj\tasks.o
#        E:\airkiss-RTL8711\project\realtek_ameba1_va0_example\EWARM-RELEASE\Debug\Obj\tcm_heap.o
#        E:\airkiss-RTL8711\project\realtek_ameba1_va0_example\EWARM-RELEASE\Debug\Obj\tcp.o
#        E:\airkiss-RTL8711\project\realtek_ameba1_va0_example\EWARM-RELEASE\Debug\Obj\tcp_in.o
#        E:\airkiss-RTL8711\project\realtek_ameba1_va0_example\EWARM-RELEASE\Debug\Obj\tcp_out.o
#        E:\airkiss-RTL8711\project\realtek_ameba1_va0_example\EWARM-RELEASE\Debug\Obj\tcpip.o
#        E:\airkiss-RTL8711\project\realtek_ameba1_va0_example\EWARM-RELEASE\Debug\Obj\tcptest.o
#        E:\airkiss-RTL8711\project\realtek_ameba1_va0_example\EWARM-RELEASE\Debug\Obj\threading.o
#        E:\airkiss-RTL8711\project\realtek_ameba1_va0_example\EWARM-RELEASE\Debug\Obj\timer_api.o
#        E:\airkiss-RTL8711\project\realtek_ameba1_va0_example\EWARM-RELEASE\Debug\Obj\timers.o
#        E:\airkiss-RTL8711\project\realtek_ameba1_va0_example\EWARM-RELEASE\Debug\Obj\timing.o
#        E:\airkiss-RTL8711\project\realtek_ameba1_va0_example\EWARM-RELEASE\Debug\Obj\uart_adapter.o
#        E:\airkiss-RTL8711\project\realtek_ameba1_va0_example\EWARM-RELEASE\Debug\Obj\uart_socket.o
#        E:\airkiss-RTL8711\project\realtek_ameba1_va0_example\EWARM-RELEASE\Debug\Obj\udp.o
#        E:\airkiss-RTL8711\project\realtek_ameba1_va0_example\EWARM-RELEASE\Debug\Obj\update.o
#        E:\airkiss-RTL8711\project\realtek_ameba1_va0_example\EWARM-RELEASE\Debug\Obj\us_ticker.o
#        E:\airkiss-RTL8711\project\realtek_ameba1_va0_example\EWARM-RELEASE\Debug\Obj\us_ticker_api.o
#        E:\airkiss-RTL8711\project\realtek_ameba1_va0_example\EWARM-RELEASE\Debug\Obj\version.o
#        E:\airkiss-RTL8711\project\realtek_ameba1_va0_example\EWARM-RELEASE\Debug\Obj\version_features.o
#        E:\airkiss-RTL8711\project\realtek_ameba1_va0_example\EWARM-RELEASE\Debug\Obj\wait_api.o
#        E:\airkiss-RTL8711\project\realtek_ameba1_va0_example\EWARM-RELEASE\Debug\Obj\Water.o
#        E:\airkiss-RTL8711\project\realtek_ameba1_va0_example\EWARM-RELEASE\Debug\Obj\wdt_api.o
#        E:\airkiss-RTL8711\project\realtek_ameba1_va0_example\EWARM-RELEASE\Debug\Obj\webserver.o
#        E:\airkiss-RTL8711\project\realtek_ameba1_va0_example\EWARM-RELEASE\Debug\Obj\wifi_conf.o
#        E:\airkiss-RTL8711\project\realtek_ameba1_va0_example\EWARM-RELEASE\Debug\Obj\wifi_ind.o
#        E:\airkiss-RTL8711\project\realtek_ameba1_va0_example\EWARM-RELEASE\Debug\Obj\wifi_interactive_mode.o
#        E:\airkiss-RTL8711\project\realtek_ameba1_va0_example\EWARM-RELEASE\Debug\Obj\wifi_promisc.o
#        E:\airkiss-RTL8711\project\realtek_ameba1_va0_example\EWARM-RELEASE\Debug\Obj\wifi_simple_config.o
#        E:\airkiss-RTL8711\project\realtek_ameba1_va0_example\EWARM-RELEASE\Debug\Obj\wifi_util.o
#        E:\airkiss-RTL8711\project\realtek_ameba1_va0_example\EWARM-RELEASE\Debug\Obj\wifi_wps_config.o
#        E:\airkiss-RTL8711\project\realtek_ameba1_va0_example\EWARM-RELEASE\Debug\Obj\wigadget.o
#        E:\airkiss-RTL8711\project\realtek_ameba1_va0_example\EWARM-RELEASE\Debug\Obj\wlan_network.o
#        E:\airkiss-RTL8711\project\realtek_ameba1_va0_example\EWARM-RELEASE\Debug\Obj\x509.o
#        E:\airkiss-RTL8711\project\realtek_ameba1_va0_example\EWARM-RELEASE\Debug\Obj\x509_create.o
#        E:\airkiss-RTL8711\project\realtek_ameba1_va0_example\EWARM-RELEASE\Debug\Obj\x509_crl.o
#        E:\airkiss-RTL8711\project\realtek_ameba1_va0_example\EWARM-RELEASE\Debug\Obj\x509_crt.o
#        E:\airkiss-RTL8711\project\realtek_ameba1_va0_example\EWARM-RELEASE\Debug\Obj\x509_csr.o
#        E:\airkiss-RTL8711\project\realtek_ameba1_va0_example\EWARM-RELEASE\Debug\Obj\x509write_crt.o
#        E:\airkiss-RTL8711\project\realtek_ameba1_va0_example\EWARM-RELEASE\Debug\Obj\x509write_csr.o
#        E:\airkiss-RTL8711\project\realtek_ameba1_va0_example\EWARM-RELEASE\Debug\Obj\xml.o
#        E:\airkiss-RTL8711\project\realtek_ameba1_va0_example\EWARM-RELEASE\Debug\Obj\xtea.o
#        -o
#        E:\airkiss-RTL8711\project\realtek_ameba1_va0_example\EWARM-RELEASE\Debug\Exe\application.axf
#        --redirect _Printf=_PrintfTiny --redirect _Scanf=_ScanfSmallNoMb
#        --keep bootloader --keep gImage2EntryFun0 --keep RAM_IMG2_VALID_PATTEN
#        --image_input=E:\airkiss-RTL8711\project\realtek_ameba1_va0_example\EWARM-RELEASE\..\..\..\component\soc\realtek\8195a\misc\bsp\image\ram_1.r.bin,bootloader,LOADER,4
#        --map
#        E:\airkiss-RTL8711\project\realtek_ameba1_va0_example\EWARM-RELEASE\Debug\List\application.map
#        --log veneers --log_file
#        E:\airkiss-RTL8711\project\realtek_ameba1_va0_example\EWARM-RELEASE\Debug\List\application.log
#        --config
#        E:\airkiss-RTL8711\project\realtek_ameba1_va0_example\EWARM-RELEASE\image2.icf
#        --diag_suppress Lt009,Lp005,Lp006 --entry Reset_Handler
#        --no_exceptions --no_vfe
#
###############################################################################

*******************************************************************************
*** RUNTIME MODEL ATTRIBUTES
***

CppFlavor       = *
__Heap_Handler  = DLMalloc
__SystemLibrary = DLib


*******************************************************************************
*** PLACEMENT SUMMARY
***

"A1":  place at start of [0x00000000-0x000fffff] { ro, section .rom };
"A2":  place at start of [0x10000000-0x10005fff] {
          rw, block .vector_table, block .user_vector_table,
          block .user_data_table, block .rom.bss, block IMAGE1 };
"A3":  place at start of [0x10006000-0x1006ffff] {
          rw, block IMAGE2, block .ram.bss };
"A4":  place at end of [0x10006000-0x1006ffff] { rw, block .bf_data };
"A6":  place at start of [0x1fff0000-0x1fffffff] { rw, overlay TCM_overlay };

  Section                 Kind        Address     Size  Object
  -------                 ----        -------     ----  ------
"A1":                                          0x43828
  .rom                    ro code  0x00000000  0x43828  rom.o [12]
                                 - 0x00043828  0x43828

"A2":                                           0x4294
  .vector_table                    0x10000000    0x100  <Block>
    .ram_dedecated_vector_table
                          rw data  0x10000000    0x100  rom.o [12]
  .user_vector_table               0x10000100    0x100  <Block>
    .ram_user_define_irq_table
                          rw data  0x10000100    0x100  rom.o [12]
  .user_data_table                 0x10000200    0x100  <Block>
    .ram_user_define_data_table
                          rw data  0x10000200    0x100  rom.o [12]
  .rom.bss                         0x10000300    0x8c8  <Block>
    .hal.ram.bss          rw data  0x10000300     0x58  rom.o [12]
    .timer2_7_vector_table.data
                          rw data  0x10000358     0x18  rom.o [12]
    .infra.ram.bss        rw data  0x10000370     0x14  rom.o [12]
    .mon.ram.bss          zero     0x10000384    0x324  rtl_consol.o [2]
    .mon.ram.bss          zero     0x100006a8      0x4  rtl_consol.o [2]
    .mon.ram.bss          zero     0x100006ac     0x28  rtl_consol.o [2]
    .wlan_ram_map         rw data  0x100006d4      0x8  rom_wlan_ram_map.o [12]
    .wlan_ram_map         rw data  0x100006e0     0x80  rom.o [12]
    .libc.ram.bss         rw data  0x10000760    0x468  rom.o [12]
  IMAGE1                           0x10000bc8   0x36cc  <Block>
    LOADER                const    0x10000bc8   0x36cc  ram_1.r.bin [1]
                                 - 0x10004294   0x4294

"A3":                                          0x47ec8
  IMAGE2                           0x10006000  0x3febc  <Block>
    .image2.start.table1           0x10006000      0x4  <Block>
      .image2.ram.data    rw data  0x10006000      0x4  startup.o [6]
    .image2.start.table2           0x10006004     0x34  <Block>
      .image2.validate.rodata
                          const    0x10006004     0x14  startup.o [6]
      .custom.validate.rodata
                          const    0x10006018     0x20  update.o [2]
    .ram_image2.text               0x10006038  0x3cd8c  <Block>
      Veneer              ro code  0x10006038      0x8  - Linker created -
      Veneer              ro code  0x10006040      0x8  - Linker created -
      Veneer              ro code  0x10006048      0x8  - Linker created -
      .infra.ram.start    ro code  0x10006050    0x12c  startup.o [6]
      .rodata             const    0x1000617c     0x60  atcmd_sys.o [2]
      .rodata             const    0x100061dc    0x110  atcmd_wifi.o [2]
      .rodata             const    0x100062ec    0x124  freertos_service.o [2]
      .rodata             const    0x10006410      0x8  ip_addr.o [2]
      .rodata             const    0x10006418     0x10  log_service.o [2]
      .rodata             const    0x10006428     0xa4  rtw_mlme_ext.o [8]
      .rodata             const    0x100064cc     0x10  lxbus_hci_intf.o [8]
      .rodata             const    0x100064dc   0x116c  rom_rtw_message.o [8]
      .rodata             const    0x10007648      0x8  rtw_wlan_util.o [8]
      .rodata             const    0x10007650     0xc4  dh_groups.o [9]
      .rodata             const    0x10007714     0x30  phydm_PowerTracking.o [8]
      .rodata             const    0x10007744     0x86  HalHWImg8195A_RF.o [8]
      .rodata             const    0x100077ca      0x0  zero_init3.o [13]
      CPP_INIT                     0x100077ca      0x0  <Block>
        SHT$$PREINIT_ARRAY
                                   0x100077ca      0x0  <Block>
        SHT$$INIT_ARRAY            0x100077ca      0x0  <Block>
      Veneer              ro code  0x100077cc      0x8  - Linker created -
      Veneer              ro code  0x100077d4      0x8  - Linker created -
      Veneer              ro code  0x100077dc      0x8  - Linker created -
      Veneer              ro code  0x100077e4      0x8  - Linker created -
      Veneer              ro code  0x100077ec      0x8  - Linker created -
      Veneer              ro code  0x100077f4      0x8  - Linker created -
      .mon.ram.text       ro code  0x100077fc    0x1b4  rtl_consol.o [2]
      Veneer              ro code  0x100079b0      0x8  - Linker created -
      Veneer              ro code  0x100079b8      0x8  - Linker created -
      Veneer              ro code  0x100079c0      0x8  - Linker created -
      .hal.flash.text     ro code  0x100079c8    0xe78  hal_spi_flash_ram.o [6]
      Veneer              ro code  0x10008840      0x8  - Linker created -
      Veneer              ro code  0x10008848      0x8  - Linker created -
      .hal.gpio.text      ro code  0x10008850     0x74  hal_gpio.o [2]
      .text               ro code  0x100088c4    0x118  main.o [2]
      .text               ro code  0x100089dc    0x126  analogin_api.o [2]
      .text               ro code  0x10008b02      0x6  rtl8195a_recv.o [8]
      Veneer              ro code  0x10008b08      0x8  - Linker created -
      Veneer              ro code  0x10008b10      0x8  - Linker created -
      Veneer              ro code  0x10008b18      0x8  - Linker created -
      Veneer              ro code  0x10008b20      0x8  - Linker created -
      Veneer              ro code  0x10008b28      0x8  - Linker created -
      Veneer              ro code  0x10008b30      0x8  - Linker created -
      .text               ro code  0x10008b38    0x7d4  hal_adc.o [2]
      Veneer              ro code  0x1000930c      0x8  - Linker created -
      Veneer              ro code  0x10009314      0x8  - Linker created -
      Veneer              ro code  0x1000931c      0x8  - Linker created -
      .text               ro code  0x10009324    0x80c  hal_soc_ps_monitor.o [2]
      Veneer              ro code  0x10009b30      0x8  - Linker created -
      Veneer              ro code  0x10009b38      0x8  - Linker created -
      .text               ro code  0x10009b40    0x1ac  gpio_api.o [2]
      .text               ro code  0x10009cec      0x2  pinmap.o [2]
      .text               ro code  0x10009cee     0x1e  xsscin.o [4]
      .text               ro code  0x10009d0c     0x38  hal_pinmux.o [6]
      .text               ro code  0x10009d44    0x494  api_lib.o [2]
      .text               ro code  0x1000a1d8    0xb60  api_msg.o [2]
      .text               ro code  0x1000ad38    0x1ce  sys_arch.o [2]
      .text               ro code  0x1000af06     0x22  zero_init3.o [13]
      .text               ro code  0x1000af28     0x50  memp.o [2]
      .text               ro code  0x1000af78     0xe0  tcpip.o [2]
      .text               ro code  0x1000b058    0x45e  pbuf.o [2]
      .text               ro code  0x1000b4b6     0x9a  netbuf.o [2]
      .text               ro code  0x1000b550    0xb08  tcp.o [2]
      .text               ro code  0x1000c058    0x264  udp.o [2]
      .text               ro code  0x1000c2bc    0x100  raw.o [2]
      .text               ro code  0x1000c3bc    0x9be  tcp_out.o [2]
      .text               ro code  0x1000cd7a    0x4a2  queue.o [2]
      .text               ro code  0x1000d21c    0x860  tasks.o [2]
      .text               ro code  0x1000da7c    0x208  port.o [2]
      .text               ro code  0x1000dc84    0x22c  mem.o [2]
      Veneer              ro code  0x1000deb0      0x8  - Linker created -
      Veneer              ro code  0x1000deb8      0x8  - Linker created -
      Veneer              ro code  0x1000dec0      0x8  - Linker created -
      Veneer              ro code  0x1000dec8      0x8  - Linker created -
      Veneer              ro code  0x1000ded0      0x8  - Linker created -
      Veneer              ro code  0x1000ded8      0x8  - Linker created -
      Veneer              ro code  0x1000dee0      0x8  - Linker created -
      Veneer              ro code  0x1000dee8      0x8  - Linker created -
      Veneer              ro code  0x1000def0      0x8  - Linker created -
      Veneer              ro code  0x1000def8      0x8  - Linker created -
      Veneer              ro code  0x1000df00      0x8  - Linker created -
      Veneer              ro code  0x1000df08      0x8  - Linker created -
      Veneer              ro code  0x1000df10      0x8  - Linker created -
      Veneer              ro code  0x1000df18      0x8  - Linker created -
      Veneer              ro code  0x1000df20      0x8  - Linker created -
      .text               ro code  0x1000df28    0x144  ram_libc.o [7]
      .text               ro code  0x1000e06c     0xb0  lwip_timers.o [2]
      .text               ro code  0x1000e11c    0x1c4  ip.o [2]
      .text               ro code  0x1000e2e0     0x26  def.o [2]
      .text               ro code  0x1000e306     0xf8  inet_chksum.o [2]
      .text               ro code  0x1000e3fe     0x8e  list.o [2]
      .text               ro code  0x1000e48c    0x1c0  heap_5.o [2]
      .text               ro code  0x1000e64c    0x2f4  timers.o [2]
      .text               ro code  0x1000e940     0xc4  freertos_pmu.o [2]
      Veneer              ro code  0x1000ea04      0x8  - Linker created -
      .text               ro code  0x1000ea0c    0x104  ram_libgloss_retarget.o [7]
      .text               ro code  0x1000eb10    0x180  ip_frag.o [2]
      .text               ro code  0x1000ec90     0x30  us_ticker.o [2]
      .text               ro code  0x1000ecc0    0x388  sys_api.o [2]
      .text               ro code  0x1000f048     0x14  sleep.o [2]
      .text               ro code  0x1000f05c    0x2e0  flash_api.o [2]
      .text               ro code  0x1000f33c     0x68  osdep_api.o [2]
      .text               ro code  0x1000f3a4     0xf8  hal_log_uart.o [6]
      .text               ro code  0x1000f49c     0x76  ABImemcpy_unaligned.o [13]
      Veneer              ro code  0x1000f514      0x8  - Linker created -
      Veneer              ro code  0x1000f51c      0x8  - Linker created -
      Veneer              ro code  0x1000f524      0x8  - Linker created -
      Veneer              ro code  0x1000f52c      0x8  - Linker created -
      .text               ro code  0x1000f534    0xe0c  atcmd_sys.o [2]
      .text               ro code  0x10010340    0x3e0  log_service.o [2]
      .text               ro code  0x10010720      0x6  ABImemclr4.o [13]
      .text               ro code  0x10010728    0xc0c  wifi_util.o [2]
      .text               ro code  0x10011334   0x1b4c  atcmd_wifi.o [2]
      .text               ro code  0x10012e80     0x32  ABImemset48.o [13]
      .text               ro code  0x10012eb4    0xbec  rtk_wlan_if.o [8]
      .text               ro code  0x10013aa0    0x56c  osdep_service.o [2]
      .text               ro code  0x1001400c     0xb4  wifi_ind.o [2]
      .text               ro code  0x100140c0     0x24  sscanf.o [4]
      .text               ro code  0x100140e4   0x1528  webserver.o [2]
      .text               ro code  0x1001560c    0x65e  dhcps.o [2]
      .text               ro code  0x10015c6c   0x1540  wifi_conf.o [2]
      .text               ro code  0x100171ac    0x1ec  lwip_netconf.o [2]
      .text               ro code  0x10017398    0x22c  ping_test.o [2]
      .text               ro code  0x100175c4    0x660  wifi_promisc.o [2]
      .text               ro code  0x10017c24    0xb50  wifi_simple_config.o [2]
      .text               ro code  0x10018774    0x8c0  wifi_wps_config.o [2]
      .text               ro code  0x10019034    0x7d8  update.o [2]
      .text               ro code  0x1001980c     0xe2  netif.o [2]
      .text               ro code  0x100198f0    0x580  freertos_service.o [2]
      .text               ro code  0x10019e70    0x340  freertos_skbuff.o [8]
      .text               ro code  0x1001a1b0    0xa84  freertos_intfs.o [8]
      .text               ro code  0x1001ac34    0x190  lwip_intf.o [2]
      .text               ro code  0x1001adc4    0x14a  tcm_heap.o [2]
      .text               ro code  0x1001af10    0x514  xscanfsmall_nomb.o [4]
      Veneer              ro code  0x1001b424      0x8  - Linker created -
      Veneer              ro code  0x1001b42c      0x8  - Linker created -
      Veneer              ro code  0x1001b434      0x8  - Linker created -
      Veneer              ro code  0x1001b43c      0x8  - Linker created -
      Veneer              ro code  0x1001b444      0x8  - Linker created -
      Veneer              ro code  0x1001b44c      0x8  - Linker created -
      .text               ro code  0x1001b454    0x8a0  rtw_promisc.o [8]
      .text               ro code  0x1001bcf4    0xbba  dhcp.o [2]
      .text               ro code  0x1001c8b0    0x7ec  sockets.o [2]
      .text               ro code  0x1001d09c    0x1da  ip_addr.o [2]
      .text               ro code  0x1001d278    0x710  airkiss.o [10]
      .text               ro code  0x1001d988     0xe0  timer_api.o [2]
      Veneer              ro code  0x1001da68      0x8  - Linker created -
      Veneer              ro code  0x1001da70      0x8  - Linker created -
      Veneer              ro code  0x1001da78      0x8  - Linker created -
      Veneer              ro code  0x1001da80      0x8  - Linker created -
      Veneer              ro code  0x1001da88      0x8  - Linker created -
      .text               ro code  0x1001da90    0xc34  wifi_simple_config_parser.o [8]
      Veneer              ro code  0x1001e6c4      0x8  - Linker created -
      .text               ro code  0x1001e6cc     0x84  os_freertos.o [9]
      Veneer              ro code  0x1001e750      0x8  - Linker created -
      Veneer              ro code  0x1001e758      0x8  - Linker created -
      Veneer              ro code  0x1001e760      0x8  - Linker created -
      Veneer              ro code  0x1001e768      0x8  - Linker created -
      .text               ro code  0x1001e770    0x3c8  wps_common.o [9]
      .text               ro code  0x1001eb38     0x18  cmsis_os.o [2]
      .text               ro code  0x1001eb50    0x384  etharp.o [2]
      .text               ro code  0x1001eed4    0x27c  igmp.o [2]
      Veneer              ro code  0x1001f150      0x8  - Linker created -
      .text               ro code  0x1001f158   0x272c  freertos_ioctl.o [8]
      .text               ro code  0x10021884    0xf50  rtw_cmd.o [8]
      .text               ro code  0x100227d4     0x60  netdev.o [8]
      .text               ro code  0x10022834    0x3d8  hal_intf.o [8]
      .text               ro code  0x10022c0c    0xa88  lxbus_halinit.o [8]
      .text               ro code  0x10023694    0x370  rtw_intfs.o [8]
      Veneer              ro code  0x10023a04      0x8  - Linker created -
      Veneer              ro code  0x10023a0c      0x8  - Linker created -
      Veneer              ro code  0x10023a14      0x8  - Linker created -
      Veneer              ro code  0x10023a1c      0x8  - Linker created -
      Veneer              ro code  0x10023a24      0x8  - Linker created -
      Veneer              ro code  0x10023a2c      0x8  - Linker created -
      .text               ro code  0x10023a34   0x159c  rtw_ap.o [8]
      Veneer              ro code  0x10024fd0      0x8  - Linker created -
      Veneer              ro code  0x10024fd8      0x8  - Linker created -
      Veneer              ro code  0x10024fe0      0x8  - Linker created -
      .text               ro code  0x10024fe8   0x4704  rtw_mlme_ext.o [8]
      .text               ro code  0x100296ec   0x14a4  rtw_mlme.o [8]
      .text               ro code  0x1002ab90    0x1f2  rtw_ieee80211.o [8]
      .text               ro code  0x1002ad84     0x38  hci_intfs.o [8]
      .text               ro code  0x1002adbc    0x710  rtw_pwrctrl.o [8]
      .text               ro code  0x1002b4cc     0xdc  ethernetif.o [2]
      .text               ro code  0x1002b5a8     0x16  strchr.o [13]
      .text               ro code  0x1002b5be     0x86  xstol.o [4]
      .text               ro code  0x1002b644    0x19c  xstoul.o [4]
      Veneer              ro code  0x1002b7e0      0x8  - Linker created -
      .text               ro code  0x1002b7e8   0x11b8  rtw_recv.o [8]
      .text               ro code  0x1002c9a0     0x20  dns.o [2]
      .text               ro code  0x1002c9c0     0xe0  rand.o [4]
      Veneer              ro code  0x1002caa0      0x8  - Linker created -
      Veneer              ro code  0x1002caa8      0x8  - Linker created -
      .text               ro code  0x1002cab0    0x448  rtl8195a_timer.o [2]
      .text               ro code  0x1002cef8     0x66  ABImemset.o [13]
      .text               ro code  0x1002cf5e     0x36  dh_group5.o [9]
      .text               ro code  0x1002cf94     0xea  wpabuf.o [9]
      Veneer              ro code  0x1002d080      0x8  - Linker created -
      .text               ro code  0x1002d088    0x334  wps_attr_build.o [9]
      .text               ro code  0x1002d3bc      0x6  ABImemclr.o [13]
      .text               ro code  0x1002d3c4    0x55a  rtw_ioctl_set.o [8]
      Veneer              ro code  0x1002d920      0x8  - Linker created -
      Veneer              ro code  0x1002d928      0x8  - Linker created -
      Veneer              ro code  0x1002d930      0x8  - Linker created -
      Veneer              ro code  0x1002d938      0x8  - Linker created -
      Veneer              ro code  0x1002d940      0x8  - Linker created -
      Veneer              ro code  0x1002d948      0x8  - Linker created -
      Veneer              ro code  0x1002d950      0x8  - Linker created -
      .text               ro code  0x1002d958   0x19cc  rtw_psk.o [8]
      .text               ro code  0x1002f324     0x54  rtw_io.o [8]
      .text               ro code  0x1002f378    0x5ec  rtw_sta_mgt.o [8]
      .text               ro code  0x1002f964    0xf64  rtw_wlan_util.o [8]
      .text               ro code  0x100308c8    0xb0c  hal_com.o [8]
      .text               ro code  0x100313d4    0xce0  hal_com_phycfg.o [8]
      Veneer              ro code  0x100320b4      0x8  - Linker created -
      Veneer              ro code  0x100320bc      0x8  - Linker created -
      .text               ro code  0x100320c4    0x67c  rtw_efuse.o [8]
      .text               ro code  0x10032740    0x204  HalHWImg8195A_BB.o [8]
      .text               ro code  0x10032944    0xf38  lxbus_ops.o [8]
      .text               ro code  0x1003387c   0x1af4  rtl8195a_pmu_task.o [8]
      Veneer              ro code  0x10035370      0x8  - Linker created -
      .text               ro code  0x10035378   0x231c  rtl8195a_hal_init.o [8]
      Veneer              ro code  0x10037694      0x8  - Linker created -
      Veneer              ro code  0x1003769c      0x8  - Linker created -
      Veneer              ro code  0x100376a4      0x8  - Linker created -
      .text               ro code  0x100376ac    0x9a8  rtl8195a_phycfg.o [8]
      .text               ro code  0x10038054    0x502  rtl8195a_dm.o [8]
      Veneer              ro code  0x10038558      0x8  - Linker created -
      .text               ro code  0x10038560   0x14a0  HalPhyRf_8195A.o [8]
      .text               ro code  0x10039a00     0xdc  HalPwrSeqCmd.o [8]
      .text               ro code  0x10039adc     0x18  wlan_ram_map.o [8]
      .text               ro code  0x10039af4    0x3a4  PhyDM_Adaptivity.o [8]
      Veneer              ro code  0x10039e98      0x8  - Linker created -
      Veneer              ro code  0x10039ea0      0x8  - Linker created -
      Veneer              ro code  0x10039ea8      0x8  - Linker created -
      .text               ro code  0x10039eb0   0x1638  rtw_xmit.o [8]
      Veneer              ro code  0x1003b4e8      0x8  - Linker created -
      Veneer              ro code  0x1003b4f0      0x8  - Linker created -
      Veneer              ro code  0x1003b4f8      0x8  - Linker created -
      Veneer              ro code  0x1003b500      0x8  - Linker created -
      Veneer              ro code  0x1003b508      0x8  - Linker created -
      Veneer              ro code  0x1003b510      0x8  - Linker created -
      .text               ro code  0x1003b518    0x30c  rtw_security.o [8]
      .text               ro code  0x1003b824     0xfa  freertos_xmit.o [8]
      .text               ro code  0x1003b920      0xc  errno.o [4]
      .text               ro code  0x1003b92c     0x58  memchr.o [13]
      .text               ro code  0x1003b984    0x1f4  freertos_recv.o [8]
      .text               ro code  0x1003bb78      0x2  xtls.o [4]
      .text               ro code  0x1003bb7c     0xfe  dh_groups.o [9]
      .text               ro code  0x1003bc7c    0x158  random.o [9]
      .text               ro code  0x1003bdd4     0xda  phydm_RegConfig8195A.o [8]
      .text               ro code  0x1003beb0    0x8f4  rtl8195a_xmit.o [8]
      .text               ro code  0x1003c7a4    0x2ba  rtl8195a_rxdesc.o [8]
      .text               ro code  0x1003ca60    0x776  Hal8195ARateAdaptive.o [8]
      .text               ro code  0x1003d1d8    0x548  rtl8195a_cmd.o [8]
      .text               ro code  0x1003d720    0x390  phydm_RaInfo.o [8]
      Veneer              ro code  0x1003dab0      0x8  - Linker created -
      .text               ro code  0x1003dab8    0x4b6  phydm_DIG.o [8]
      .text               ro code  0x1003df70    0x3e0  phydm.o [8]
      Veneer              ro code  0x1003e350      0x8  - Linker created -
      Veneer              ro code  0x1003e358      0x8  - Linker created -
      .text               ro code  0x1003e360    0x408  phydm_HWConfig.o [8]
      .text               ro code  0x1003e768    0x172  rtl8195a_rf6052.o [8]
      .text               ro code  0x1003e8da     0x58  phydm_interface.o [8]
      .text               ro code  0x1003e934    0x464  HalPhyRf.o [8]
      Veneer              ro code  0x1003ed98      0x8  - Linker created -
      Veneer              ro code  0x1003eda0      0x8  - Linker created -
      Veneer              ro code  0x1003eda8      0x8  - Linker created -
      Veneer              ro code  0x1003edb0      0x8  - Linker created -
      Veneer              ro code  0x1003edb8      0x8  - Linker created -
      .text               ro code  0x1003edc0     0x9a  crypto_internal-modexp.o [9]
      .text               ro code  0x1003ee5c    0x17a  rtl8195a_pmu_cmd.o [8]
      Veneer              ro code  0x1003efd8      0x8  - Linker created -
      Veneer              ro code  0x1003efe0      0x8  - Linker created -
      Veneer              ro code  0x1003efe8      0x8  - Linker created -
      .text               ro code  0x1003eff0     0x7c  phydm_CfoTracking.o [8]
      .text               ro code  0x1003f06c    0x228  phydm_PowerTracking.o [8]
      .text               ro code  0x1003f294     0x14  phydm_debug.o [8]
      .text               ro code  0x1003f2a8     0x1e  U64Shr.o [13]
      .text               ro code  0x1003f2c8    0x21c  HalHWImg8195A_RF.o [8]
      .text               ro code  0x1003f4e4    0x150  HalHWImg8195A_MAC.o [8]
      .text               ro code  0x1003f634     0x90  hal_32k.o [2]
      .text               ro code  0x1003f6c4     0x68  hal_gdma.o [2]
      .text               ro code  0x1003f72c     0x3c  hal_timer.o [2]
      .text               ro code  0x1003f768    0x318  rtl8195a_adc.o [2]
      Veneer              ro code  0x1003fa80      0x8  - Linker created -
      .text               ro code  0x1003fa88    0x36c  rtl8195a_gdma.o [2]
      Veneer              ro code  0x1003fdf4      0x8  - Linker created -
      Veneer              ro code  0x1003fdfc      0x8  - Linker created -
      .text               ro code  0x1003fe04     0x90  rtl_consol.o [2]
      .text               ro code  0x1003fe94     0x6c  strncpy_unaligned.o [13]
      .text               ro code  0x1003ff00     0x14  system_8195a.o [2]
      Veneer              ro code  0x1003ff14      0x8  - Linker created -
      Veneer              ro code  0x1003ff1c      0x8  - Linker created -
      .text               ro code  0x1003ff24    0x1f8  startup.o [6]
      Veneer              ro code  0x1004011c      0x8  - Linker created -
      .text               ro code  0x10040124     0x24  hal_crypto.o [6]
      .text               ro code  0x10040148     0x78  freertos_isr.o [8]
      .text               ro code  0x100401c0    0x598  wps_protocol_handler.o [9]
      .text               ro code  0x10040758    0x3a0  eap_wsc.o [9]
      .text               ro code  0x10040af8    0x1a4  wps.o [9]
      .text               ro code  0x10040c9c    0x11c  eap_common.o [9]
      .text               ro code  0x10040db8     0x3e  eap_wsc_common.o [9]
      .text               ro code  0x10040df8    0x2f8  wps_dev_attr.o [9]
      .text               ro code  0x100410f0    0xa4e  wps_enrollee.o [9]
      .text               ro code  0x10041b3e    0x476  wps_attr_parse.o [9]
      .text               ro code  0x10041fb4    0x1c6  wps_attr_process.o [9]
      .text               ro code  0x1004217a    0x838  wps_validate.o [9]
      .text               ro code  0x100429b4     0x10  hal_common.o [6]
      .text               ro code  0x100429c4     0x24  app_start.o [6]
      .text               ro code  0x100429e8    0x124  lxbus_hci_intf.o [8]
      .text               ro code  0x10042b0c     0x58  lxbus_intf.o [8]
      .text               ro code  0x10042b64     0x36  strlen.o [13]
      .text               ro code  0x10042b9c     0xd8  FltMul.o [11]
      .text               ro code  0x10042c74     0x28  data_init.o [13]
      .text               ro code  0x10042c9c      0x4  rtl8195a_led.o [8]
      CODE                ro code  0x10042ca0     0x94  portasm.o [2]
      __DLIB_PERTHREAD    rw data  0x10042d34     0x8c  rand.o [4]
      __DLIB_PERTHREAD    rw data  0x10042dc0      0x4  errno.o [4]
    .ram.data                      0x10042dc4   0x30f8  <Block>
      .data.log_init               0x10042dc4      0xc  <Block>
        .data.log_init    rw data  0x10042dc4      0x4  atcmd_sys.o [2]
        .data.log_init    rw data  0x10042dc8      0x4  atcmd_wifi.o [2]
        .data.log_init    rw data  0x10042dcc      0x4  log_service.o [2]
      .data               rw data  0x10042dd0      0x8  atcmd_sys.o [2]
      .data               rw data  0x10042dd8     0xc0  atcmd_sys.o [2]
      .data               rw data  0x10042e98    0x1a0  atcmd_wifi.o [2]
      .data               rw data  0x10043038     0x78  dhcps.o [2]
      .data               rw data  0x100430b0      0x4  freertos_pmu.o [2]
      .data               rw data  0x100430b4      0xc  freertos_pmu.o [2]
      .data               rw data  0x100430c0      0x4  freertos_service.o [2]
      .data               rw data  0x100430c4     0x20  log_service.o [2]
      .data               rw data  0x100430e4      0x4  main.o [2]
      .data               rw data  0x100430e8      0x4  port.o [2]
      .data               rw data  0x100430ec      0x4  system_8195a.o [2]
      .data               rw data  0x100430f0     0x9c  tasks.o [2]
      .data               rw data  0x1004318c     0x20  tcp.o [2]
      .data               rw data  0x100431ac      0x8  udp.o [2]
      .data               rw data  0x100431b4      0xc  wifi_conf.o [2]
      .data               rw data  0x100431c0    0x134  wifi_promisc.o [2]
      .data               rw data  0x100432f4      0x8  rtw_psk.o [8]
      .data               rw data  0x100432fc     0xd4  wifi_simple_config_parser.o [8]
      .data               rw data  0x100433d0      0x8  wifi_simple_config_parser.o [8]
      .data               rw data  0x100433d8     0xa8  rtw_mlme_ext.o [8]
      .data               rw data  0x10043480     0x38  freertos_ioctl.o [8]
      .data               rw data  0x100434b8    0x1b0  rom_rtw_message.o [8]
      .data               rw data  0x10043668      0x8  rtw_xmit.o [8]
      .data               rw data  0x10043670     0x40  Hal8195ARateAdaptive.o [8]
      .data               rw data  0x100436b0     0x40  Hal8195ARateAdaptive.o [8]
      .data               rw data  0x100436f0     0x14  Hal8195ARateAdaptive.o [8]
      .data               rw data  0x10043704    0x210  HalHWImg8195A_BB.o [8]
      .data               rw data  0x10043914    0x678  HalHWImg8195A_BB.o [8]
      .data               rw data  0x10043f8c     0x90  HalHWImg8195A_BB.o [8]
      .data               rw data  0x1004401c     0xa0  Hal8195APwrSeq.o [8]
      .data               rw data  0x100440bc     0xa0  Hal8195APwrSeq.o [8]
      .data               rw data  0x1004415c     0x14  dh_groups.o [9]
      .data               rw data  0x10044170    0x308  HalHWImg8195A_MAC.o [8]
      .data               rw data  0x10044478    0x5c8  HalHWImg8195A_RF.o [8]
      .data               rw data  0x10044a40     0x80  HalHWImg8195A_RF.o [8]
      .data               rw data  0x10044ac0     0x80  HalHWImg8195A_RF.o [8]
      .data               rw data  0x10044b40     0x80  HalHWImg8195A_RF.o [8]
      .data               rw data  0x10044bc0   0x1260  HalHWImg8195A_RF.o [8]
      .data               rw data  0x10045e20     0x40  HalHWImg8195A_RF.o [8]
      .data               rw data  0x10045e60      0x2  tcp.o [2]
      .iar.init_table     const    0x10045e64     0x58  - Linker created -
  .ram.bss                         0x10045ec0   0x800c  <Block>
    .bss                  zero     0x10045ec0    0x500  hal_crypto.o [6]
    .bss                  zero     0x100463c0    0x340  rtw_mlme_ext.o [8]
    .bss                  zero     0x10046700     0x38  atcmd_wifi.o [2]
    .bss                  zero     0x10046738     0x78  atcmd_wifi.o [2]
    .bss                  zero     0x100467b0      0x4  atcmd_wifi.o [2]
    .bss                  zero     0x100467b4     0x34  dhcp.o [2]
    .bss                  zero     0x100467e8      0x4  dhcp.o [2]
    .bss                  zero     0x100467ec    0x214  dns.o [2]
    .bss                  zero     0x10046a00     0xc8  etharp.o [2]
    .bss                  zero     0x10046ac8      0x4  ethernetif.o [2]
    .bss                  zero     0x10046acc      0x4  example_wlan_fast_connect.o [2]
    .bss                  zero     0x10046ad0      0xc  hal_adc.o [2]
    .bss                  zero     0x10046adc     0x2c  hal_adc.o [2]
    .bss                  zero     0x10046b08    0x290  hal_soc_ps_monitor.o [2]
    .bss                  zero     0x10046d98     0x3c  heap_5.o [2]
    .bss                  zero     0x10046dd4      0xc  igmp.o [2]
    .bss                  zero     0x10046de0     0x10  ip.o [2]
    .bss                  zero     0x10046df0     0x10  ip_addr.o [2]
    .bss                  zero     0x10046e00    0x100  log_service.o [2]
    .bss                  zero     0x10046f00     0x70  log_service.o [2]
    .bss                  zero     0x10046f70     0x78  lwip_netconf.o [2]
    .bss                  zero     0x10046fe8      0x4  lwip_timers.o [2]
    .bss                  zero     0x10046fec      0x4  lwip_timers.o [2]
    .bss                  zero     0x10046ff0      0x4  main.o [2]
    .bss                  zero     0x10046ff4     0x14  main.o [2]
    .bss                  zero     0x10047008     0x38  main.o [2]
    .bss                  zero     0x10047040      0xc  netif.o [2]
    .bss                  zero     0x1004704c      0x4  osdep_service.o [2]
    .bss                  zero     0x10047050     0x28  ping_test.o [2]
    .bss                  zero     0x10047078      0xc  port.o [2]
    .bss                  zero     0x10047084      0x4  raw.o [2]
    .bss                  zero     0x10047088     0x18  rtl8195a_timer.o [2]
    .bss                  zero     0x100470a0     0x60  sockets.o [2]
    .bss                  zero     0x10047100      0x8  sockets.o [2]
    .bss                  zero     0x10047108     0x34  sys_arch.o [2]
    .bss                  zero     0x1004713c     0xdc  tasks.o [2]
    .bss                  zero     0x10047218      0xc  tcm_heap.o [2]
    .bss                  zero     0x10047224     0x30  tcp_in.o [2]
    .bss                  zero     0x10047254      0xc  tcpip.o [2]
    .bss                  zero     0x10047260     0x38  timers.o [2]
    .bss                  zero     0x10047298      0x4  update.o [2]
    .bss                  zero     0x1004729c     0x6c  webserver.o [2]
    .bss                  zero     0x10047308    0xe20  webserver.o [2]
    .bss                  zero     0x10048128     0x24  wifi_conf.o [2]
    .bss                  zero     0x1004814c      0x8  wifi_conf.o [2]
    .bss                  zero     0x10048154    0x150  wifi_ind.o [2]
    .bss                  zero     0x100482a4      0x8  wifi_promisc.o [2]
    .bss                  zero     0x100482ac     0x78  wifi_promisc.o [2]
    .bss                  zero     0x10048324     0x40  wifi_simple_config.o [2]
    .bss                  zero     0x10048364     0x28  wifi_wps_config.o [2]
    .bss                  zero     0x1004838c      0x8  startup.o [6]
    .bss                  zero     0x10048394      0x4  ram_libc.o [7]
    .bss                  zero     0x10048398     0x40  rtk_wlan_if.o [8]
    .bss                  zero     0x100483d8      0x4  freertos_intfs.o [8]
    .bss                  zero     0x100483dc      0xc  freertos_intfs.o [8]
    .bss                  zero     0x100483e8     0x14  freertos_intfs.o [8]
    .bss                  zero     0x100483fc    0x11c  rtw_psk.o [8]
    .bss                  zero     0x10048518     0x44  rtw_psk.o [8]
    .bss                  zero     0x1004855c      0x4  freertos_skbuff.o [8]
    .bss                  zero     0x10048560    0x1b8  freertos_skbuff.o [8]
    .bss                  zero     0x10048718     0x18  freertos_skbuff.o [8]
    .bss                  zero     0x10048730      0x4  freertos_isr.o [8]
    .bss                  zero     0x10048734      0x8  rtw_promisc.o [8]
    .bss                  zero     0x1004873c      0x4  rtw_mlme.o [8]
    .bss                  zero     0x10048740      0x4  wifi_simple_config_parser.o [8]
    .bss                  zero     0x10048744     0x10  wps_protocol_handler.o [9]
    .bss                  zero     0x10048754      0x4  ram_libgloss_retarget.o [7]
    .bss                  zero     0x10048758      0x4  rtl8195a_pmu_task.o [8]
    .bss                  zero     0x1004875c   0x20e0  lxbus_ops.o [8]
    .bss                  zero     0x1004a83c     0x1c  eap_wsc.o [9]
    .bss                  zero     0x1004a858     0x80  random.o [9]
    .bss                  zero     0x1004a8d8     0x20  random.o [9]
    .bss                  zero     0x1004a8f8      0x2  ip.o [2]
    .bss                  zero     0x1004a8fa      0x1  etharp.o [2]
    .bss                  zero     0x1004a8fb      0x1  pbuf.o [2]
    .bss                  zero     0x1004a8fc      0x1  tcp.o [2]
    .bss                  zero     0x1004a8fd      0x1  wifi_promisc.o [2]
    .bss                  zero     0x1004a8fe      0x1  rtl8195a_pmu_task.o [8]
    .bss                  zero     0x1004a8ff      0x1  rtw_mlme_ext.o [8]
    .bss                  zero     0x1004a900      0x1  lxbus_ops.o [8]
    .hal.flash.data       zero     0x1004a904     0x90  hal_spi_flash_ram.o [6]
    .hal.gpio.data        zero     0x1004a994    0x12c  hal_gpio.o [2]
    .bdsram.data          zero     0x1004aac0   0x3400  freertos_skbuff.o [8]
    .bdsram.data          zero     0x1004dec0      0x8  freertos_skbuff.o [8]
                                 - 0x1004dec8  0x47ec8

"A4":                                           0xf000
  .bf_data                         0x10061000   0xf000  <Block>
    .bfsram.data          zero     0x10061000   0xf000  heap_5.o [2]
                                 - 0x10070000   0xf000

"A6":                                           0xf338
  TCM_overlay                      0x1fff0000   0xf338  <Overlay>
    part 1:
      .bss                zero     0x1fff0000   0x1424  mem.o [2]
      .bss                zero     0x1fff1424   0x3f10  memp.o [2]
      .tcm.heap           zero     0x1fff5334   0xa000  tcm_heap.o [2]
      .heap                        0x1ffff334      0x4  <Block>
        .heap.stdlib      zero     0x1ffff334      0x1  ram_libgloss_retarget.o [7]
    part 2:
      IMAGE1_DBG                   0x1fff0000   0x24c0  <Block>
        .ram.start.table           0x1fff0000     0x14  <Block>
          .start.ram.data.a
                          rw data  0x1fff0000      0x4  startup.o [6]
          .start.ram.data.b
                          rw data  0x1fff0004      0x4  startup.o [6]
          .start.ram.data.c
                          rw data  0x1fff0008      0x4  startup.o [6]
          .start.ram.data.d
                          rw data  0x1fff000c      0x4  startup.o [6]
          .start.ram.data.e
                          rw data  0x1fff0010      0x4  startup.o [6]
        .ram_image1.data           0x1fff0014   0x14d0  <Block>
          .image1.validate.rodata
                          const    0x1fff0014      0x8  startup.o [6]
          .cutb.ram.data  rw data  0x1fff001c     0x10  hal_sdr_controller.o [2]
          .cutb.ram.data  rw data  0x1fff002c     0x1c  hal_sdr_controller.o [2]
          .cutb.ram.data  rw data  0x1fff0048     0x34  hal_sdr_controller.o [2]
          .cutb.ram.data  rw data  0x1fff007c     0x14  hal_sdr_controller.o [2]
          .cutb.ram.data  rw data  0x1fff0090      0x4  hal_sdr_controller.o [2]
          .cutb.ram.data  zero     0x1fff0094   0x1000  hal_sdr_controller.o [2]
          .hal.ram.data   rw data  0x1fff1098    0x430  rom.o [12]
          .hal.ram.data   rw data  0x1fff14c8      0xc  hal_sdr_controller.o [2]
          .hal.ram.data   zero     0x1fff14d4     0x10  startup.o [6]
        .ram_image1.bss            0x1fff14e4      0x0  <Block>
        .ram_image1.text           0x1fff14e4    0xfdc  <Block>
          Veneer          ro code  0x1fff14e4      0x8  - Linker created -
          Veneer          ro code  0x1fff14ec      0x8  - Linker created -
          Veneer          ro code  0x1fff14f4      0x8  - Linker created -
          Veneer          ro code  0x1fff14fc      0x8  - Linker created -
          Veneer          ro code  0x1fff1504      0x8  - Linker created -
          Veneer          ro code  0x1fff150c      0x8  - Linker created -
          Veneer          ro code  0x1fff1514      0x8  - Linker created -
          Veneer          ro code  0x1fff151c      0x8  - Linker created -
          Veneer          ro code  0x1fff1524      0x8  - Linker created -
          Veneer          ro code  0x1fff152c      0x8  - Linker created -
          Veneer          ro code  0x1fff1534      0x8  - Linker created -
          Veneer          ro code  0x1fff153c      0x8  - Linker created -
          Veneer          ro code  0x1fff1544      0x8  - Linker created -
          Veneer          ro code  0x1fff154c      0x8  - Linker created -
          Veneer          ro code  0x1fff1554      0x8  - Linker created -
          Veneer          ro code  0x1fff155c      0x8  - Linker created -
          Veneer          ro code  0x1fff1564      0x8  - Linker created -
          Veneer          ro code  0x1fff156c      0x8  - Linker created -
          Veneer          ro code  0x1fff1574      0x8  - Linker created -
          Veneer          ro code  0x1fff157c      0x8  - Linker created -
          Veneer          ro code  0x1fff1584      0x8  - Linker created -
          Veneer          ro code  0x1fff158c      0x8  - Linker created -
          Veneer          ro code  0x1fff1594      0x8  - Linker created -
          .hal.ram.text   ro code  0x1fff159c    0x700  startup.o [6]
          Veneer          ro code  0x1fff1c9c      0x8  - Linker created -
          .hal.sdrc.text  ro code  0x1fff1ca4    0x81c  hal_sdr_controller.o [2]
                                 - 0x1ffff338   0xf338


*******************************************************************************
*** INIT TABLE
***

          Address     Size
          -------     ----
Zero (__iar_zero_init3)
    8 destination ranges, total size 0x2668a:
          0x10000384   0x350
          0x10045ec0  0x4a41
          0x1004a904    0x90
          0x1004a994   0x12c
          0x1004aac0  0x3408
          0x10061000  0xf000
          0x1fff0000  0xf334
          0x1ffff334     0x1



*******************************************************************************
*** MODULE SUMMARY
***

    Module                       ro code  rw code  ro data  rw data
    ------                       -------  -------  -------  -------
E:\airkiss-RTL8711\project\realtek_ameba1_va0_example\EWARM-RELEASE\..\..\..\component\soc\realtek\8195a\misc\bsp\image: [1]
    ram_1.r.bin                                     14 028
    ---------------------------------------------------------------
    Total:                                          14 028

E:\airkiss-RTL8711\project\realtek_ameba1_va0_example\EWARM-RELEASE\Debug\Obj: [2]
    analogin_api.o                   294
    api_lib.o                      1 172
    api_msg.o                      2 912
    atcmd_sys.o                    3 596                96      204
    atcmd_wifi.o                   6 988               272      600
    cmsis_os.o                        24
    def.o                             38
    dhcp.o                         3 002                         56
    dhcps.o                        1 630                        120
    dns.o                             32                        532
    etharp.o                         900                        201
    ethernetif.o                     220                          4
    example_wlan_fast_connect.o                                   4
    flash_api.o                      736
    freertos_pmu.o                   196                         16
    freertos_service.o             1 408               292        4
    gpio_api.o                       428
    hal_32k.o                        144
    hal_adc.o                      2 004                         56
    hal_gdma.o                       104
    hal_gpio.o                       116                        300
    hal_soc_ps_monitor.o           2 060                        656
    hal_timer.o                       60
    heap_5.o                         448                     61 500
    igmp.o                           636                         12
    inet_chksum.o                    248
    ip.o                             452                         18
    ip_addr.o                        474                 8       16
    ip_frag.o                        384
    list.o                           142
    log_service.o                    992                16      404
    lwip_intf.o                      400
    lwip_netconf.o                   492                        120
    lwip_timers.o                    176                          8
    main.o                           280                         84
    mem.o                            556
    memp.o                            80
    netbuf.o                         154
    netif.o                          226                         12
    osdep_api.o                      104
    osdep_service.o                1 388                          4
    pbuf.o                         1 118                          1
    ping_test.o                      556                         40
    pinmap.o                           2
    port.o                           520                         16
    portasm.o                        148
    queue.o                        1 186
    raw.o                            256                          4
    rtl8195a_adc.o                   792
    rtl8195a_gdma.o                  876
    rtl8195a_timer.o               1 096                         24
    rtl_consol.o                     580                        848
    sleep.o                           20
    sockets.o                      2 028                        104
    sys_api.o                        904
    sys_arch.o                       462                         52
    system_8195a.o                    20                          4
    tasks.o                        2 144                        376
    tcm_heap.o                       330                         12
    tcp.o                          2 824                         35
    tcp_in.o                                                     48
    tcp_out.o                      2 494
    tcpip.o                          224                         12
    timer_api.o                      224
    timers.o                         756                         56
    udp.o                            612                          8
    update.o                       2 008                32        4
    us_ticker.o                       48
    webserver.o                    5 416                      3 724
    wifi_conf.o                    5 440                         56
    wifi_ind.o                       180                        336
    wifi_promisc.o                 1 632                        437
    wifi_simple_config.o           2 896                         64
    wifi_util.o                    3 084
    wifi_wps_config.o              2 240                         40
    ---------------------------------------------------------------
    Total:                        78 812               716   71 232

command line: [3]
    ---------------------------------------------------------------
    Total:

dl7M_tln.a: [4]
    errno.o                           12                          4
    rand.o                           224                        140
    sscanf.o                          36
    xscanfsmall_nomb.o             1 300
    xsscin.o                          30
    xstol.o                          134
    xstoul.o                         412
    xtls.o                             2
    ---------------------------------------------------------------
    Total:                         2 150                        144

lib_mdns.a: [5]
    ---------------------------------------------------------------
    Total:

lib_platform.a: [6]
    app_start.o                       36
    hal_common.o                      16
    hal_crypto.o                      36                      1 280
    hal_log_uart.o                   248
    hal_pinmux.o                      56
    hal_spi_flash_ram.o            3 704                        144
    startup.o                        804                20       12
    ---------------------------------------------------------------
    Total:                         4 900                20    1 436

lib_rtlstd.a: [7]
    ram_libc.o                       324                          4
    ram_libgloss_retarget.o          260                          4
    ---------------------------------------------------------------
    Total:                           584                          8

lib_wlan.a: [8]
    Hal8195APwrSeq.o                                            320
    Hal8195ARateAdaptive.o         1 910                        148
    HalHWImg8195A_BB.o               516                      2 328
    HalHWImg8195A_MAC.o              336                        776
    HalHWImg8195A_RF.o               540               134    6 632
    HalPhyRf.o                     1 124
    HalPhyRf_8195A.o               5 280
    HalPwrSeqCmd.o                   220
    PhyDM_Adaptivity.o               932
    freertos_intfs.o               2 692                         36
    freertos_ioctl.o              10 028                         56
    freertos_isr.o                   120                          4
    freertos_recv.o                  500
    freertos_skbuff.o                832                     13 788
    freertos_xmit.o                  250
    hal_com.o                      2 828
    hal_com_phycfg.o               3 296
    hal_intf.o                       984
    hci_intfs.o                       56
    lxbus_halinit.o                2 696
    lxbus_hci_intf.o                 292                16
    lxbus_intf.o                      88
    lxbus_ops.o                    3 896                      8 417
    netdev.o                          96
    phydm.o                          992
    phydm_CfoTracking.o              124
    phydm_DIG.o                    1 206
    phydm_HWConfig.o               1 032
    phydm_PowerTracking.o            552                48
    phydm_RaInfo.o                   912
    phydm_RegConfig8195A.o           218
    phydm_debug.o                     20
    phydm_interface.o                 88
    rom_rtw_message.o                                4 460      432
    rtk_wlan_if.o                  3 052                         64
    rtl8195a_cmd.o                 1 352
    rtl8195a_dm.o                  1 282
    rtl8195a_hal_init.o            8 988
    rtl8195a_led.o                     4
    rtl8195a_phycfg.o              2 472
    rtl8195a_pmu_cmd.o               378
    rtl8195a_pmu_task.o            6 900                          5
    rtl8195a_recv.o                    6
    rtl8195a_rf6052.o                370
    rtl8195a_rxdesc.o                698
    rtl8195a_xmit.o                2 292
    rtw_ap.o                       5 532
    rtw_cmd.o                      3 920
    rtw_efuse.o                    1 660
    rtw_ieee80211.o                  498
    rtw_intfs.o                      880
    rtw_io.o                          84
    rtw_ioctl_set.o                1 370
    rtw_mlme.o                     5 284                          4
    rtw_mlme_ext.o                18 180               164    1 001
    rtw_promisc.o                  2 208                          8
    rtw_psk.o                      6 604                        360
    rtw_pwrctrl.o                  1 808
    rtw_recv.o                     4 536
    rtw_security.o                   780
    rtw_sta_mgt.o                  1 516
    rtw_wlan_util.o                3 940                 8
    rtw_xmit.o                     5 688                          8
    wifi_simple_config_parser.o    3 124                        224
    wlan_ram_map.o                    24
    ---------------------------------------------------------------
    Total:                       140 086             4 830   34 611

lib_wps.a: [9]
    crypto_internal-modexp.o         154
    dh_group5.o                       54
    dh_groups.o                      254               196       20
    eap_common.o                     284
    eap_wsc.o                        928                         28
    eap_wsc_common.o                  62
    os_freertos.o                    132
    random.o                         344                        160
    wpabuf.o                         234
    wps.o                            420
    wps_attr_build.o                 820
    wps_attr_parse.o               1 142
    wps_attr_process.o               454
    wps_common.o                     968
    wps_dev_attr.o                   760
    wps_enrollee.o                 2 638
    wps_protocol_handler.o         1 432                         16
    wps_validate.o                 2 104
    ---------------------------------------------------------------
    Total:                        13 184               196      224

libairkiss.a: [10]
    airkiss.o                      1 808
    ---------------------------------------------------------------
    Total:                         1 808

m7M_tl.a: [11]
    FltMul.o                         216
    ---------------------------------------------------------------
    Total:                           216

rom.a: [12]
    rom.o                                 276 520             2 156
    rom_wlan_ram_map.o                                            8
    ---------------------------------------------------------------
    Total:                                276 520             2 164

rt7M_tl.a: [13]
    ABImemclr.o                        6
    ABImemclr4.o                       6
    ABImemcpy_unaligned.o            118
    ABImemset.o                      102
    ABImemset48.o                     50
    U64Shr.o                          30
    data_init.o                       40
    memchr.o                          88
    strchr.o                          22
    strlen.o                          54
    strncpy_unaligned.o              108
    zero_init3.o                      34
    ---------------------------------------------------------------
    Total:                           658

    Gaps                              56                 2        7
    Linker created                   920                88   62 264
-------------------------------------------------------------------
    Grand Total:                 243 374  276 520   19 880  172 090


*******************************************************************************
*** ENTRY LIST
***

Entry                      Address    Size  Type      Object
-----                      -------    ----  ----      ------
.bf_data$$Base          0x10061000           --   Gb  - Linker created -
.bf_data$$Limit         0x10070000           --   Gb  - Linker created -
.data.log_init$$Base    0x10042dc4           --   Gb  - Linker created -
.data.log_init$$Limit   0x10042dd0           --   Gb  - Linker created -
.heap$$Base             0x1ffff334           --   Gb  - Linker created -
.heap$$Limit            0x1ffff338           --   Gb  - Linker created -
.iar.init_table$$Base   0x10045e64           --   Gb  - Linker created -
.iar.init_table$$Limit  0x10045ebc           --   Gb  - Linker created -
.image2.start.table1$$Base
                        0x10006000           --   Gb  - Linker created -
.image2.start.table1$$Limit
                        0x10006004           --   Gb  - Linker created -
.image2.start.table2$$Base
                        0x10006004           --   Gb  - Linker created -
.image2.start.table2$$Limit
                        0x10006038           --   Gb  - Linker created -
.ram.bss$$Base          0x10045ec0           --   Gb  - Linker created -
.ram.bss$$Limit         0x1004dec8           --   Gb  - Linker created -
.ram.data$$Base         0x10042dc4           --   Gb  - Linker created -
.ram.data$$Limit        0x10045ebc           --   Gb  - Linker created -
.ram.start.table$$Base  0x1fff0000           --   Gb  - Linker created -
.ram.start.table$$Limit
                        0x1fff0014           --   Gb  - Linker created -
.ram_image1.bss$$Base   0x1fff14e4           --   Gb  - Linker created -
.ram_image1.bss$$Limit  0x1fff14e4           --   Gb  - Linker created -
.ram_image1.data$$Base  0x1fff0014           --   Gb  - Linker created -
.ram_image1.data$$Limit
                        0x1fff14e4           --   Gb  - Linker created -
.ram_image1.text$$Base  0x1fff14e4           --   Gb  - Linker created -
.ram_image1.text$$Limit
[...]
wifi_handshake_done_hdl
                        0x10015f1f    0x16  Code  Lc  wifi_conf.o [2]
wifi_indication         0x1001400d    0x3a  Code  Gb  wifi_ind.o [2]
wifi_init_packet_filter
                        0x10016dfd     0x4  Code  Gb  wifi_conf.o [2]
wifi_is_connected_to_ap
                        0x1001674d     0x4  Code  Gb  wifi_conf.o [2]
wifi_mac_hash           0x1002f379    0x2a  Code  Lc  rtw_sta_mgt.o [8]
wifi_mode               0x1004814c     0x4  Data  Lc  wifi_conf.o [2]
wifi_no_network_hdl     0x10015eeb     0xe  Code  Lc  wifi_conf.o [2]
wifi_off                0x100166a7    0x6a  Code  Gb  wifi_conf.o [2]
wifi_on                 0x10016619    0x8e  Code  Gb  wifi_conf.o [2]
wifi_reg_event_handler  0x10014047    0x3a  Code  Gb  wifi_ind.o [2]
wifi_remove_packet_filter
                        0x10016e0d     0x4  Code  Gb  wifi_conf.o [2]
wifi_restart_ap         0x10016ccd    0xfe  Code  Gb  wifi_conf.o [2]
wifi_rx_beacon_hdl      0x10015ee9     0x2  Code  Gb  wifi_conf.o [2]
wifi_scan               0x100169df    0x56  Code  Gb  wifi_conf.o [2]
wifi_scan_done_hdl      0x1001697b    0x64  Code  Lc  wifi_conf.o [2]
wifi_scan_each_report_hdl
                        0x10016851   0x12a  Code  Lc  wifi_conf.o [2]
wifi_scan_networks      0x10016a55    0x92  Code  Gb  wifi_conf.o [2]
wifi_set_channel        0x1001660f     0xa  Code  Gb  wifi_conf.o [2]
wifi_set_lps_dtim       0x10016731     0xa  Code  Gb  wifi_conf.o [2]
wifi_set_power_mode     0x10016711     0x4  Code  Gb  wifi_conf.o [2]
wifi_set_promisc        0x10016c79     0x4  Code  Gb  wifi_conf.o [2]
wifi_set_pscan_chan     0x10016af5    0x12  Code  Gb  wifi_conf.o [2]
wifi_set_tdma_param     0x1001671d    0x14  Code  Gb  wifi_conf.o [2]
wifi_set_wps_phase      0x10016c75     0x4  Code  Gb  wifi_conf.o [2]
wifi_setting            0x1004729c    0x6c  Data  Gb  webserver.o [2]
wifi_show_setting       0x10016bc9    0x9e  Code  Gb  wifi_conf.o [2]
wifi_start_ap           0x10016751    0xfc  Code  Gb  wifi_conf.o [2]
wifi_unreg_event_handler
                        0x10014081    0x30  Code  Gb  wifi_ind.o [2]
wifirate2_ratetbl_inx   0x100304ad    0x60  Code  Gb  rtw_wlan_util.o [8]
wireless_send_event     0x1001f163     0xa  Code  Gb  freertos_ioctl.o [8]
wlancmds                0x100225dc   0x1f8  Data  Gb  rtw_cmd.o [8]
wlanevents              0x10029624    0xc0  Data  Lc  rtw_mlme_ext.o [8]
wlanhdr_to_ethhdr       0x1002c5c9   0x138  Code  Gb  rtw_recv.o [8]
wpa_global_PSK          0x100484c8    0x50  Data  Gb  rtw_psk.o [8]
wpa_set_encryption      0x1001f327   0x176  Code  Lc  freertos_ioctl.o [8]
wpabuf_alloc            0x1002cfc1    0x18  Code  Gb  wpabuf.o [9]
wpabuf_alloc_copy       0x1002cfd9    0x1c  Code  Gb  wpabuf.o [9]
wpabuf_dup              0x1002cff5    0x1a  Code  Gb  wpabuf.o [9]
wpabuf_free             0x1002d00f    0x24  Code  Gb  wpabuf.o [9]
wpabuf_put              0x1002d039     0xc  Code  Gb  wpabuf.o [9]
wpabuf_put_be16         0x1002d099    0x14  Code  Lc  wps_attr_build.o [9]
wpabuf_put_be16         0x10040df9    0x14  Code  Lc  wps_dev_attr.o [9]
wpabuf_put_be16         0x100410f1    0x14  Code  Lc  wps_enrollee.o [9]
wpabuf_put_buf          0x1002cfb7     0xa  Code  Lc  wpabuf.o [9]
wpabuf_put_buf          0x1002d0cf     0xa  Code  Lc  wps_attr_build.o [9]
wpabuf_put_data         0x10040769    0x22  Code  Lc  eap_wsc.o [9]
wpabuf_put_data         0x1002cf95    0x22  Code  Lc  wpabuf.o [9]
wpabuf_put_data         0x1002d0ad    0x22  Code  Lc  wps_attr_build.o [9]
wpabuf_put_data         0x10040e0d    0x22  Code  Lc  wps_dev_attr.o [9]
wpabuf_put_data         0x10041105    0x22  Code  Lc  wps_enrollee.o [9]
wpabuf_put_u8           0x10040759    0x10  Code  Lc  eap_wsc.o [9]
wpabuf_put_u8           0x1002d089    0x10  Code  Lc  wps_attr_build.o [9]
wpabuf_put_u8           0x10040c9d    0x10  Code  Lc  eap_common.o [9]
wpabuf_put_u8           0x10040db9    0x10  Code  Lc  eap_wsc_common.o [9]
wpabuf_zeropad          0x1002d045    0x3a  Code  Gb  wpabuf.o [9]
wpas_eap_wsc_init       0x100401c1    0x12  Code  Gb  wps_protocol_handler.o [9]
wpas_swith_to_wps_auth  0x100401d3    0x14  Code  Gb  wps_protocol_handler.o [9]
wpas_swith_to_wps_encr  0x100401e7    0x20  Code  Gb  wps_protocol_handler.o [9]
wpas_wps_dev_config     0x10040207    0xd0  Code  Gb  wps_protocol_handler.o [9]
wpas_wps_init           0x100402d7    0x7e  Code  Gb  wps_protocol_handler.o [9]
wpas_wps_notify_wps_finish
                        0x1004047d    0x34  Code  Gb  wps_protocol_handler.o [9]
wpas_wps_notify_wps_finish_hdl
                        0x100404b1     0x2  Code  Gb  wps_protocol_handler.o [9]
wpas_wsc_eapol_recvd    0x1004065f    0x66  Code  Gb  wps_protocol_handler.o [9]
wpas_wsc_eapol_recvd_hdl
                        0x100406d5    0x24  Code  Gb  wps_protocol_handler.o [9]
wpas_wsc_enrollee_handle_eap_fail
                        0x100404b3    0x48  Code  Gb  wps_protocol_handler.o [9]
wpas_wsc_enrollee_handle_recvd
                        0x100405e7    0x78  Code  Gb  wps_protocol_handler.o [9]
wpas_wsc_send_eap_rspidentity
                        0x100403bb    0x78  Code  Gb  wps_protocol_handler.o [9]
wpas_wsc_send_eapol     0x1004050b    0xcc  Code  Gb  wps_protocol_handler.o [9]
wpas_wsc_send_packet    0x10040355    0x66  Code  Gb  wps_protocol_handler.o [9]
wps_build_ap_settings   0x10041363    0xdc  Code  Lc  wps_enrollee.o [9]
wps_build_assoc_state   0x1002d2df    0x14  Code  Gb  wps_attr_build.o [9]
wps_build_auth_type_flags
                        0x1002d285    0x14  Code  Gb  wps_attr_build.o [9]
wps_build_authenticator
                        0x1002d1cb    0x52  Code  Gb  wps_attr_build.o [9]
wps_build_config_error  0x1002d1bf     0xc  Code  Gb  wps_attr_build.o [9]
wps_build_config_methods
                        0x1002d179     0xc  Code  Gb  wps_attr_build.o [9]
wps_build_conn_type_flags
                        0x1002d2c1    0x14  Code  Gb  wps_attr_build.o [9]
wps_build_dev_name      0x10040ecf    0x24  Code  Gb  wps_dev_attr.o [9]
wps_build_dev_password_id
                        0x1002d19d     0xa  Code  Gb  wps_attr_build.o [9]
wps_build_device_attrs  0x10040ef3    0x5e  Code  Gb  wps_dev_attr.o [9]
wps_build_e_hash        0x10041127    0x9e  Code  Lc  wps_enrollee.o [9]
wps_build_encr_settings
                        0x1002d325    0x76  Code  Gb  wps_attr_build.o [9]
wps_build_encr_type_flags
                        0x1002d299    0x12  Code  Gb  wps_attr_build.o [9]
wps_build_enrollee_nonce
                        0x1002d243    0x1e  Code  Gb  wps_attr_build.o [9]
wps_build_key_wrap_auth
                        0x1002d2f3    0x32  Code  Gb  wps_attr_build.o [9]
wps_build_m1            0x100411db   0x100  Code  Gb  wps_enrollee.o [9]
wps_build_m5            0x100412db    0x82  Code  Lc  wps_enrollee.o [9]
wps_build_m7            0x10041445    0x96  Code  Lc  wps_enrollee.o [9]
wps_build_mac_addr      0x1002d39b    0x16  Code  Gb  wps_attr_build.o [9]
wps_build_manufacturer  0x10040e2f    0x24  Code  Gb  wps_dev_attr.o [9]
wps_build_model_name    0x10040e53    0x22  Code  Gb  wps_dev_attr.o [9]
wps_build_model_number  0x10040e81    0x24  Code  Gb  wps_dev_attr.o [9]
wps_build_msg_type      0x1002d237     0xc  Code  Gb  wps_attr_build.o [9]
wps_build_os_version    0x10040f51    0x30  Code  Gb  wps_dev_attr.o [9]
wps_build_primary_dev_type
                        0x10040ea5    0x24  Code  Gb  wps_dev_attr.o [9]
wps_build_public_key    0x1002d0d9    0x88  Code  Gb  wps_attr_build.o [9]
wps_build_registrar_nonce
                        0x1002d261    0x1e  Code  Gb  wps_attr_build.o [9]
wps_build_rf_bands      0x10040f85    0x24  Code  Gb  wps_dev_attr.o [9]
wps_build_uuid_e        0x1002d185    0x18  Code  Gb  wps_attr_build.o [9]
wps_build_version       0x1002d21d    0x16  Code  Gb  wps_attr_build.o [9]
wps_build_wfa_ext       0x1002d233     0x4  Code  Gb  wps_attr_build.o [9]
wps_build_wsc_ack       0x1001ea69    0x42  Code  Gb  wps_common.o [9]
wps_build_wsc_nack      0x1001eaab    0x4e  Code  Gb  wps_common.o [9]
wps_check_and_show_connection_info
                        0x10018775    0x24  Code  Gb  wifi_wps_config.o [2]
wps_decrypt_encr_settings
                        0x1001e945    0x7e  Code  Gb  wps_common.o [9]
wps_deinit              0x10040c17    0x58  Code  Gb  wps.o [9]
wps_derive_keys         0x1001e815    0xde  Code  Gb  wps_common.o [9]
wps_derive_psk          0x1001e8f3    0x52  Code  Gb  wps_common.o [9]
wps_device_data_free    0x100410a7    0x44  Code  Gb  wps_dev_attr.o [9]
wps_enrollee_get_msg    0x1004150b   0x11e  Code  Gb  wps_enrollee.o [9]
wps_enrollee_process_msg
                        0x10041a77    0xb4  Code  Gb  wps_enrollee.o [9]
wps_generate_pin        0x1001ea23    0x3a  Code  Gb  wps_common.o [9]
wps_get_msg             0x10040c79     0x4  Code  Gb  wps.o [9]
wps_init                0x10040af9   0x106  Code  Gb  wps.o [9]
wps_judge_staion_disconnect
                        0x10018b13    0x46  Code  Gb  wifi_wps_config.o [2]
wps_kdf                 0x1001e771    0xa4  Code  Gb  wps_common.o [9]
wps_oui                 0x00035440     0x4  Data  Lc  rom.o [12]
wps_parse_msg           0x10041f29    0x8c  Code  Gb  wps_attr_parse.o [9]
wps_parse_vendor_ext_wfa
                        0x10041b3f    0x5c  Code  Lc  wps_attr_parse.o [9]
wps_password_id         0x10048364     0x1  Data  Gb  wifi_wps_config.o [2]
wps_pin_checksum        0x1001e9c3    0x3e  Code  Gb  wps_common.o [9]
wps_pin_code            0x1004836c    0x20  Data  Gb  wifi_wps_config.o [2]
wps_pin_valid           0x1001ea01    0x22  Code  Gb  wps_common.o [9]
wps_process_authenticator
                        0x10041fb5    0x4e  Code  Gb  wps_attr_process.o [9]
wps_process_cred        0x10042107    0x54  Code  Gb  wps_attr_process.o [9]
wps_process_cred_auth_type
                        0x10042069    0x12  Code  Lc  wps_attr_process.o [9]
wps_process_cred_e      0x100416e7    0x42  Code  Lc  wps_enrollee.o [9]
wps_process_cred_encr_type
                        0x1004207b    0x12  Code  Lc  wps_attr_process.o [9]
wps_process_cred_mac_addr
                        0x100420cd    0x16  Code  Lc  wps_attr_process.o [9]
wps_process_cred_network_key
                        0x1004209f    0x28  Code  Lc  wps_attr_process.o [9]
wps_process_cred_network_key_idx
                        0x10042093     0xc  Code  Lc  wps_attr_process.o [9]
wps_process_cred_ssid   0x1004203f    0x2a  Code  Lc  wps_attr_process.o [9]
wps_process_creds       0x10041729    0x40  Code  Lc  wps_enrollee.o [9]
wps_process_device_attrs
                        0x10040fa9    0xea  Code  Gb  wps_dev_attr.o [9]
wps_process_enrollee_nonce
                        0x10041629    0x18  Code  Lc  wps_enrollee.o [9]
wps_process_key_wrap_auth
                        0x10042003    0x3c  Code  Gb  wps_attr_process.o [9]
wps_process_m2          0x10041769    0x90  Code  Lc  wps_enrollee.o [9]
wps_process_m4          0x100417f9    0x86  Code  Lc  wps_enrollee.o [9]
wps_process_m8          0x1004188f    0x7a  Code  Lc  wps_enrollee.o [9]
wps_process_msg         0x10040c75     0x4  Code  Gb  wps.o [9]
wps_process_r_snonce1   0x10041641    0x38  Code  Lc  wps_enrollee.o [9]
wps_process_r_snonce2   0x10041679    0x38  Code  Lc  wps_enrollee.o [9]
wps_process_wsc_msg     0x10041929   0x14e  Code  Lc  wps_enrollee.o [9]
wps_scan_result_handler
                        0x10018799    0x82  Code  Lc  wifi_wps_config.o [2]
wps_set_attr            0x10041b9b   0x38e  Code  Lc  wps_attr_parse.o [9]
wps_start               0x10018827   0x2e2  Code  Gb  wifi_wps_config.o [2]
wps_validate_assoc_state
                        0x10042225    0x18  Code  Lc  wps_validate.o [9]
wps_validate_auth_type  0x10042355    0x2c  Code  Lc  wps_validate.o [9]
wps_validate_auth_type_flags
                        0x10042339    0x1c  Code  Lc  wps_validate.o [9]
wps_validate_authenticator
                        0x100423ef     0xa  Code  Lc  wps_validate.o [9]
wps_validate_config_error
                        0x1004223d    0x18  Code  Lc  wps_validate.o [9]
wps_validate_config_methods
                        0x100421d9    0x20  Code  Lc  wps_validate.o [9]
wps_validate_conn_type_flags
                        0x100423cf    0x16  Code  Lc  wps_validate.o [9]
wps_validate_cred       0x10042465    0x82  Code  Lc  wps_validate.o [9]
wps_validate_dev_name   0x100422c7    0x16  Code  Lc  wps_validate.o [9]
wps_validate_dev_password_id
                        0x10042255    0x1a  Code  Lc  wps_validate.o [9]
wps_validate_encr_settings
                        0x100423f9    0x10  Code  Lc  wps_validate.o [9]
wps_validate_encr_type  0x1004239d    0x2c  Code  Lc  wps_validate.o [9]
wps_validate_encr_type_flags
                        0x10042381    0x1c  Code  Lc  wps_validate.o [9]
wps_validate_enrollee_nonce
                        0x10042303     0xa  Code  Lc  wps_validate.o [9]
wps_validate_key_wrap_auth
                        0x10042409     0xa  Code  Lc  wps_validate.o [9]
wps_validate_m2         0x10042523   0x10e  Code  Gb  wps_validate.o [9]
wps_validate_m2d        0x10042631    0xda  Code  Gb  wps_validate.o [9]
wps_validate_m4         0x10042719    0x56  Code  Gb  wps_validate.o [9]
wps_validate_m4_encr    0x1004276f    0x28  Code  Gb  wps_validate.o [9]
wps_validate_m6         0x100427bb    0x4a  Code  Gb  wps_validate.o [9]
wps_validate_m6_encr    0x1004281b    0x28  Code  Gb  wps_validate.o [9]
wps_validate_m8         0x10042843    0x4a  Code  Gb  wps_validate.o [9]
wps_validate_m8_encr    0x1004288d    0x8a  Code  Gb  wps_validate.o [9]
wps_validate_mac_addr   0x100422f1    0x12  Code  Lc  wps_validate.o [9]
wps_validate_manufacturer
                        0x1004226f    0x16  Code  Lc  wps_validate.o [9]
wps_validate_model_name
                        0x10042285    0x16  Code  Lc  wps_validate.o [9]
wps_validate_model_number
                        0x1004229b    0x16  Code  Lc  wps_validate.o [9]
wps_validate_msg_type   0x100422dd    0x14  Code  Lc  wps_validate.o [9]
wps_validate_network_key
                        0x10042437    0x2e  Code  Lc  wps_validate.o [9]
wps_validate_network_key_index
                        0x1004242d     0xa  Code  Lc  wps_validate.o [9]
wps_validate_os_version
                        0x100423e5     0xa  Code  Lc  wps_validate.o [9]
wps_validate_primary_dev_type
                        0x10042203     0xa  Code  Lc  wps_validate.o [9]
wps_validate_public_key
                        0x10042317    0x10  Code  Lc  wps_validate.o [9]
wps_validate_registrar_nonce
                        0x1004230d     0xa  Code  Lc  wps_validate.o [9]
wps_validate_rf_bands   0x1004220d    0x18  Code  Lc  wps_validate.o [9]
wps_validate_serial_number
                        0x100422b1    0x16  Code  Lc  wps_validate.o [9]
wps_validate_ssid       0x10042413    0x1a  Code  Lc  wps_validate.o [9]
wps_validate_uuid_r     0x100421f9     0xa  Code  Lc  wps_validate.o [9]
wps_validate_version    0x1004217b    0x12  Code  Lc  wps_validate.o [9]
wps_validate_version2   0x1004218d    0x12  Code  Lc  wps_validate.o [9]
wps_validate_wsc_ack    0x10042917    0x46  Code  Gb  wps_validate.o [9]
wps_validate_wsc_nack   0x1004295d    0x4e  Code  Gb  wps_validate.o [9]
wps_workaround_cred_key
                        0x100420e3    0x24  Code  Lc  wps_attr_process.o [9]
wrapper_skbbuf_list     0x10048718     0x8  Data  Lc  freertos_skbuff.o [8]
write_cam               0x1002fdb9    0x6a  Code  Gb  rtw_wlan_util.o [8]
wsc_eap                 0x1004a83c    0x1c  Data  Gb  eap_wsc.o [9]
xActiveTimerList1       0x10047270    0x14  Data  Lc  timers.o [2]
xActiveTimerList2       0x10047284    0x14  Data  Lc  timers.o [2]
xBlockAllocatedBit      0x10046dc4     0x4  Data  Lc  heap_5.o [2]
xDelayedTaskList1       0x10043164    0x14  Data  Lc  tasks.o [2]
xDelayedTaskList2       0x10043178    0x14  Data  Lc  tasks.o [2]
xFreeBytesRemaining     0x10046dbc     0x4  Data  Lc  heap_5.o [2]
xHeapRegions            0x10046d98    0x18  Data  Gb  heap_5.o [2]
xMaximumPossibleSuppressedTicks
                        0x1004707c     0x4  Data  Lc  port.o [2]
xMinimumEverFreeBytesRemaining
                        0x10046dc0     0x4  Data  Lc  heap_5.o [2]
xNextTaskUnblockTime    0x1004315c     0x4  Data  Lc  tasks.o [2]
xNumOfOverflows         0x10043154     0x4  Data  Lc  tasks.o [2]
xPendingReadyList       0x100430f0    0x14  Data  Lc  tasks.o [2]
xPortGetFreeHeapSize    0x1000e593     0x6  Code  Gb  heap_5.o [2]
xPortPendSVHandler      0x10042ca1          Code  Gb  portasm.o [2]
xPortStartScheduler     0x1000daa1    0x26  Code  Gb  port.o [2]
xPortSysTickHandler     0x1000db03    0x1e  Code  Gb  port.o [2]
xQueueCreateCountingSemaphore
                        0x1000ce61    0x12  Code  Gb  queue.o [2]
xQueueCreateMutex       0x1000ce17    0x40  Code  Gb  queue.o [2]
xQueueGenericCreate     0x1000cddb    0x3c  Code  Gb  queue.o [2]
xQueueGenericReceive    0x1000cfa3    0xfa  Code  Gb  queue.o [2]
xQueueGenericReset      0x1000cd7b    0x60  Code  Gb  queue.o [2]
xQueueGenericSend       0x1000ce73    0xc4  Code  Gb  queue.o [2]
xQueueGenericSendFromISR
                        0x1000cf37    0x6c  Code  Gb  queue.o [2]
xSchedulerRunning       0x10043148     0x4  Data  Lc  tasks.o [2]
xStart                  0x10046db0     0x8  Data  Lc  heap_5.o [2]
xSuspendedTaskList      0x10043128    0x14  Data  Lc  tasks.o [2]
xTaskCheckForTimeOut    0x1000d7df    0x3c  Code  Gb  tasks.o [2]
xTaskGenericCreate      0x1000d21d   0x118  Code  Gb  tasks.o [2]
xTaskGetSchedulerState  0x1000d947    0x16  Code  Gb  tasks.o [2]
xTaskGetTickCount       0x1000d5a5     0xc  Code  Gb  tasks.o [2]
xTaskIncrementTick      0x1000d5d1    0xb0  Code  Gb  tasks.o [2]
xTaskPriorityDisinherit
                        0x1000d9dd    0x6a  Code  Gb  tasks.o [2]
xTaskRemoveFromEventList
                        0x1000d775    0x38  Code  Gb  tasks.o [2]
xTaskResumeAll          0x1000d519    0x8c  Code  Gb  tasks.o [2]
xTasksWaitingTermination
                        0x10043104    0x14  Data  Lc  tasks.o [2]
xTickCount              0x10043140     0x4  Data  Lc  tasks.o [2]
xTimerCreate            0x1000e67f    0x3a  Code  Gb  timers.o [2]
xTimerCreateTimerTask   0x1000e64d    0x32  Code  Gb  timers.o [2]
xTimerGenericCommand    0x1000e6b9    0x46  Code  Gb  timers.o [2]
xTimerIsTimerActive     0x1000e91b    0x1a  Code  Gb  timers.o [2]
xTimerQueue             0x10047268     0x4  Data  Lc  timers.o [2]
xYieldPending           0x10043150     0x4  Data  Lc  tasks.o [2]
xmit_delivery_enabled_frames
                        0x1003b2fb   0x102  Code  Gb  rtw_xmit.o [8]
xmitframe_addmic        0x1003a513   0x182  Code  Gb  rtw_xmit.o [8]
xmitframe_enqueue_for_sleeping_sta
                        0x1003ae8b   0x154  Code  Gb  rtw_xmit.o [8]
xmitframe_swencrypt     0x1003a69b    0x30  Code  Gb  rtw_xmit.o [8]
xnetif                  0x10046f70    0x78  Data  Gb  lwip_netconf.o [2]
z1                      0x10000374     0x4  Data  Lc  rom.o [12]
z2                      0x10000378     0x4  Data  Lc  rom.o [12]
z3                      0x1000037c     0x4  Data  Lc  rom.o [12]
z4                      0x10000380     0x4  Data  Lc  rom.o [12]
zero_bssid              0x1001bcec     0x8  Data  Gb  rtw_promisc.o [8]
zeroes                  0x0003ec14    0x10  Data  Lc  rom.o [12]


[1] = E:\airkiss-RTL8711\project\realtek_ameba1_va0_example\EWARM-RELEASE\..\..\..\component\soc\realtek\8195a\misc\bsp\image
[2] = E:\airkiss-RTL8711\project\realtek_ameba1_va0_example\EWARM-RELEASE\Debug\Obj
[3] = command line
[4] = dl7M_tln.a
[5] = lib_mdns.a
[6] = lib_platform.a
[7] = lib_rtlstd.a
[8] = lib_wlan.a
[9] = lib_wps.a
[10] = libairkiss.a
[11] = m7M_tl.a
[12] = rom.a
[13] = rt7M_tl.a

  243 374 bytes of readonly  code memory
  276 520 bytes of readwrite code memory
   19 880 bytes of readonly  data memory
  172 090 bytes of readwrite data memory

Errors: none
Warnings: none
